<?xml version="1.0" encoding="ISO-8859-1" ?>
<link_info>
   <banner>TI ARM Linker PC v20.2.7.LTS</banner>
   <copyright>Copyright (c) 1996-2018 Texas Instruments Incorporated</copyright>
   <link_time>0x69a8e638</link_time>
   <link_errors>0x0</link_errors>
   <output_file>freertos.out</output_file>
   <entry_point>
      <name>_c_int00_noargs</name>
      <address>0x23b5</address>
   </entry_point>
   <input_file_list>
      <input_file id="fl-2">
         <path>.\</path>
         <kind>object</kind>
         <file>main.obj</file>
         <name>main.obj</name>
      </input_file>
      <input_file id="fl-3">
         <path>.\</path>
         <kind>object</kind>
         <file>startup_ccs.obj</file>
         <name>startup_ccs.obj</name>
      </input_file>
      <input_file id="fl-4">
         <path>.\src\apps\app\</path>
         <kind>object</kind>
         <file>app.obj</file>
         <name>app.obj</name>
      </input_file>
      <input_file id="fl-5">
         <path>.\src\apps\app_led_blink\</path>
         <kind>object</kind>
         <file>app_led_blin.obj</file>
         <name>app_led_blin.obj</name>
      </input_file>
      <input_file id="fl-6">
         <path>.\src\drivers\pinout\</path>
         <kind>object</kind>
         <file>pinout.obj</file>
         <name>pinout.obj</name>
      </input_file>
      <input_file id="fl-7">
         <path>.\src\drivers\uart\</path>
         <kind>object</kind>
         <file>drv_uart.obj</file>
         <name>drv_uart.obj</name>
      </input_file>
      <input_file id="fl-8">
         <path>.\src\drivers\uart\</path>
         <kind>object</kind>
         <file>uartstdio.obj</file>
         <name>uartstdio.obj</name>
      </input_file>
      <input_file id="fl-9">
         <path>.\src\</path>
         <kind>object</kind>
         <file>initialization.obj</file>
         <name>initialization.obj</name>
      </input_file>
      <input_file id="fl-a">
         <path>.\src\</path>
         <kind>object</kind>
         <file>tasks_work.obj</file>
         <name>tasks_work.obj</name>
      </input_file>
      <input_file id="fl-b">
         <path>.\src\services\adc\</path>
         <kind>object</kind>
         <file>adc_service.obj</file>
         <name>adc_service.obj</name>
      </input_file>
      <input_file id="fl-c">
         <path>.\src\services\buttons\</path>
         <kind>object</kind>
         <file>buttons.obj</file>
         <name>buttons.obj</name>
      </input_file>
      <input_file id="fl-d">
         <path>.\src\third_party\FreeRTOS\Source\</path>
         <kind>object</kind>
         <file>croutine.obj</file>
         <name>croutine.obj</name>
      </input_file>
      <input_file id="fl-e">
         <path>.\src\third_party\FreeRTOS\Source\</path>
         <kind>object</kind>
         <file>event_groups.obj</file>
         <name>event_groups.obj</name>
      </input_file>
      <input_file id="fl-f">
         <path>.\src\third_party\FreeRTOS\Source\</path>
         <kind>object</kind>
         <file>list.obj</file>
         <name>list.obj</name>
      </input_file>
      <input_file id="fl-10">
         <path>.\src\third_party\FreeRTOS\Source\</path>
         <kind>object</kind>
         <file>queue.obj</file>
         <name>queue.obj</name>
      </input_file>
      <input_file id="fl-11">
         <path>.\src\third_party\FreeRTOS\Source\</path>
         <kind>object</kind>
         <file>tasks.obj</file>
         <name>tasks.obj</name>
      </input_file>
      <input_file id="fl-12">
         <path>.\src\third_party\FreeRTOS\Source\</path>
         <kind>object</kind>
         <file>timers.obj</file>
         <name>timers.obj</name>
      </input_file>
      <input_file id="fl-13">
         <path>.\src\third_party\FreeRTOS\Source\portable\CCS\ARM_CM4F\</path>
         <kind>object</kind>
         <file>port.obj</file>
         <name>port.obj</name>
      </input_file>
      <input_file id="fl-14">
         <path>.\src\third_party\FreeRTOS\Source\portable\CCS\ARM_CM4F\</path>
         <kind>object</kind>
         <file>portasm.obj</file>
         <name>portasm.obj</name>
      </input_file>
      <input_file id="fl-15">
         <path>.\src\third_party\FreeRTOS\Source\portable\MemMang\</path>
         <kind>object</kind>
         <file>heap_4.obj</file>
         <name>heap_4.obj</name>
      </input_file>
      <input_file id="fl-1a">
         <kind>object</kind>
         <file>&lt;internal&gt;</file>
         <name>&lt;internal&gt;</name>
      </input_file>
      <input_file id="fl-1b">
         <path>C:\ti\TivaWare_C_Series-2.2.0.295\driverlib\ccs\Debug\</path>
         <kind>archive</kind>
         <file>driverlib.lib</file>
         <name>gpio.obj</name>
      </input_file>
      <input_file id="fl-1c">
         <path>C:\ti\TivaWare_C_Series-2.2.0.295\driverlib\ccs\Debug\</path>
         <kind>archive</kind>
         <file>driverlib.lib</file>
         <name>interrupt.obj</name>
      </input_file>
      <input_file id="fl-1d">
         <path>C:\ti\TivaWare_C_Series-2.2.0.295\driverlib\ccs\Debug\</path>
         <kind>archive</kind>
         <file>driverlib.lib</file>
         <name>sysctl.obj</name>
      </input_file>
      <input_file id="fl-1e">
         <path>C:\ti\TivaWare_C_Series-2.2.0.295\driverlib\ccs\Debug\</path>
         <kind>archive</kind>
         <file>driverlib.lib</file>
         <name>timer.obj</name>
      </input_file>
      <input_file id="fl-1f">
         <path>C:\ti\TivaWare_C_Series-2.2.0.295\driverlib\ccs\Debug\</path>
         <kind>archive</kind>
         <file>driverlib.lib</file>
         <name>uart.obj</name>
      </input_file>
      <input_file id="fl-20">
         <path>C:\ti\TivaWare_C_Series-2.2.0.295\driverlib\ccs\Debug\</path>
         <kind>archive</kind>
         <file>driverlib.lib</file>
         <name>cpu.obj</name>
      </input_file>
      <input_file id="fl-d6">
         <path>C:\ti\ti-cgt-arm_20.2.7.LTS\lib\</path>
         <kind>archive</kind>
         <file>rtsv7M4_T_le_v4SPD16_eabi.lib</file>
         <name>memcpy_t2.asm.obj</name>
      </input_file>
      <input_file id="fl-d7">
         <path>C:\ti\ti-cgt-arm_20.2.7.LTS\lib\</path>
         <kind>archive</kind>
         <file>rtsv7M4_T_le_v4SPD16_eabi.lib</file>
         <name>memset_t2.asm.obj</name>
      </input_file>
      <input_file id="fl-d8">
         <path>C:\ti\ti-cgt-arm_20.2.7.LTS\lib\</path>
         <kind>archive</kind>
         <file>rtsv7M4_T_le_v4SPD16_eabi.lib</file>
         <name>u_divt2.asm.obj</name>
      </input_file>
      <input_file id="fl-d9">
         <path>C:\ti\ti-cgt-arm_20.2.7.LTS\lib\</path>
         <kind>archive</kind>
         <file>rtsv7M4_T_le_v4SPD16_eabi.lib</file>
         <name>copy_zero_init.c.obj</name>
      </input_file>
      <input_file id="fl-da">
         <path>C:\ti\ti-cgt-arm_20.2.7.LTS\lib\</path>
         <kind>archive</kind>
         <file>rtsv7M4_T_le_v4SPD16_eabi.lib</file>
         <name>copy_decompress_none.c.obj</name>
      </input_file>
      <input_file id="fl-db">
         <path>C:\ti\ti-cgt-arm_20.2.7.LTS\lib\</path>
         <kind>archive</kind>
         <file>rtsv7M4_T_le_v4SPD16_eabi.lib</file>
         <name>copy_decompress_lzss.c.obj</name>
      </input_file>
      <input_file id="fl-dc">
         <path>C:\ti\ti-cgt-arm_20.2.7.LTS\lib\</path>
         <kind>archive</kind>
         <file>rtsv7M4_T_le_v4SPD16_eabi.lib</file>
         <name>boot_cortex_m.c.obj</name>
      </input_file>
      <input_file id="fl-dd">
         <path>C:\ti\ti-cgt-arm_20.2.7.LTS\lib\</path>
         <kind>archive</kind>
         <file>rtsv7M4_T_le_v4SPD16_eabi.lib</file>
         <name>div0.asm.obj</name>
      </input_file>
      <input_file id="fl-de">
         <path>C:\ti\ti-cgt-arm_20.2.7.LTS\lib\</path>
         <kind>archive</kind>
         <file>rtsv7M4_T_le_v4SPD16_eabi.lib</file>
         <name>autoinit.c.obj</name>
      </input_file>
      <input_file id="fl-df">
         <path>C:\ti\ti-cgt-arm_20.2.7.LTS\lib\</path>
         <kind>archive</kind>
         <file>rtsv7M4_T_le_v4SPD16_eabi.lib</file>
         <name>pre_init.c.obj</name>
      </input_file>
      <input_file id="fl-e0">
         <path>C:\ti\ti-cgt-arm_20.2.7.LTS\lib\</path>
         <kind>archive</kind>
         <file>rtsv7M4_T_le_v4SPD16_eabi.lib</file>
         <name>cpy_tbl.c.obj</name>
      </input_file>
      <input_file id="fl-e1">
         <path>C:\ti\ti-cgt-arm_20.2.7.LTS\lib\</path>
         <kind>archive</kind>
         <file>rtsv7M4_T_le_v4SPD16_eabi.lib</file>
         <name>exit.c.obj</name>
      </input_file>
      <input_file id="fl-e2">
         <path>C:\ti\ti-cgt-arm_20.2.7.LTS\lib\</path>
         <kind>archive</kind>
         <file>rtsv7M4_T_le_v4SPD16_eabi.lib</file>
         <name>_lock.c.obj</name>
      </input_file>
      <input_file id="fl-e3">
         <path>C:\ti\ti-cgt-arm_20.2.7.LTS\lib\</path>
         <kind>archive</kind>
         <file>rtsv7M4_T_le_v4SPD16_eabi.lib</file>
         <name>args_main.c.obj</name>
      </input_file>
   </input_file_list>
   <object_component_list>
      <object_component id="oc-13">
         <name>.intvecs</name>
         <load_address>0x0</load_address>
         <run_address>0x0</run_address>
         <size>0x200</size>
         <input_file_ref idref="fl-3"/>
      </object_component>
      <object_component id="oc-1ae">
         <name>.text:SysCtlClockFreqSet</name>
         <load_address>0x200</load_address>
         <run_address>0x200</run_address>
         <size>0x200</size>
         <input_file_ref idref="fl-1d"/>
      </object_component>
      <object_component id="oc-1cd">
         <name>.text:UARTvprintf</name>
         <load_address>0x400</load_address>
         <run_address>0x400</run_address>
         <size>0x1ee</size>
         <input_file_ref idref="fl-8"/>
      </object_component>
      <object_component id="oc-34">
         <name>.text:FaultISR</name>
         <load_address>0x5ee</load_address>
         <run_address>0x5ee</run_address>
         <size>0x2</size>
         <input_file_ref idref="fl-3"/>
      </object_component>
      <object_component id="oc-239">
         <name>.text:GPIOPadConfigSet</name>
         <load_address>0x5f0</load_address>
         <run_address>0x5f0</run_address>
         <size>0x16c</size>
         <input_file_ref idref="fl-1b"/>
      </object_component>
      <object_component id="oc-319">
         <name>.text:xQueueGenericReceive</name>
         <load_address>0x75c</load_address>
         <run_address>0x75c</run_address>
         <size>0x168</size>
         <input_file_ref idref="fl-10"/>
      </object_component>
      <object_component id="oc-1dd">
         <name>.text:xTaskGenericCreate</name>
         <load_address>0x8c4</load_address>
         <run_address>0x8c4</run_address>
         <size>0x12c</size>
         <input_file_ref idref="fl-11"/>
      </object_component>
      <object_component id="oc-9c">
         <name>.text:xTaskIncrementTick</name>
         <load_address>0x9f0</load_address>
         <run_address>0x9f0</run_address>
         <size>0x11c</size>
         <input_file_ref idref="fl-11"/>
      </object_component>
      <object_component id="oc-3f6">
         <name>.text:pvPortMalloc</name>
         <load_address>0xb0c</load_address>
         <run_address>0xb0c</run_address>
         <size>0x100</size>
         <input_file_ref idref="fl-15"/>
      </object_component>
      <object_component id="oc-46b">
         <name>.text:xTaskResumeAll</name>
         <load_address>0xc0c</load_address>
         <run_address>0xc0c</run_address>
         <size>0xf4</size>
         <input_file_ref idref="fl-11"/>
      </object_component>
      <object_component id="oc-1ba">
         <name>.text:Buttons_Init</name>
         <load_address>0xd00</load_address>
         <run_address>0xd00</run_address>
         <size>0xdc</size>
         <input_file_ref idref="fl-c"/>
      </object_component>
      <object_component id="oc-40">
         <name>.text</name>
         <load_address>0xddc</load_address>
         <run_address>0xddc</run_address>
         <size>0xd2</size>
         <input_file_ref idref="fl-14"/>
      </object_component>
      <object_component id="oc-3a">
         <name>.text:IntDefaultHandler</name>
         <load_address>0xeae</load_address>
         <run_address>0xeae</run_address>
         <size>0x2</size>
         <input_file_ref idref="fl-3"/>
      </object_component>
      <object_component id="oc-29a">
         <name>.text:Timer0AIntHandler</name>
         <load_address>0xeb0</load_address>
         <run_address>0xeb0</run_address>
         <size>0xc8</size>
         <input_file_ref idref="fl-c"/>
      </object_component>
      <object_component id="oc-40b">
         <name>.text:xQueueGenericSendFromISR</name>
         <load_address>0xf78</load_address>
         <run_address>0xf78</run_address>
         <size>0xb2</size>
         <input_file_ref idref="fl-10"/>
      </object_component>
      <object_component id="oc-2e">
         <name>.text:NmiSR</name>
         <load_address>0x102a</load_address>
         <run_address>0x102a</run_address>
         <size>0x2</size>
         <input_file_ref idref="fl-3"/>
      </object_component>
      <object_component id="oc-56c">
         <name>.text:xTaskPriorityDisinherit</name>
         <load_address>0x102c</load_address>
         <run_address>0x102c</run_address>
         <size>0xb0</size>
         <input_file_ref idref="fl-11"/>
      </object_component>
      <object_component id="oc-95">
         <name>.text:vTaskSwitchContext</name>
         <load_address>0x10dc</load_address>
         <run_address>0x10dc</run_address>
         <size>0xa8</size>
         <input_file_ref idref="fl-11"/>
      </object_component>
      <object_component id="oc-1b4">
         <name>.text:Pinout_Init</name>
         <load_address>0x1184</load_address>
         <run_address>0x1184</run_address>
         <size>0xa4</size>
         <input_file_ref idref="fl-6"/>
      </object_component>
      <object_component id="oc-59">
         <name>.text</name>
         <load_address>0x1228</load_address>
         <run_address>0x1228</run_address>
         <size>0x9c</size>
         <input_file_ref idref="fl-d6"/>
      </object_component>
      <object_component id="oc-304">
         <name>.text:xPortStartScheduler</name>
         <load_address>0x12c4</load_address>
         <run_address>0x12c4</run_address>
         <size>0x98</size>
         <input_file_ref idref="fl-13"/>
      </object_component>
      <object_component id="oc-3fc">
         <name>.text:xQueueGenericReset</name>
         <load_address>0x135c</load_address>
         <run_address>0x135c</run_address>
         <size>0x94</size>
         <input_file_ref idref="fl-10"/>
      </object_component>
      <object_component id="oc-48c">
         <name>.text:vTaskPriorityInherit</name>
         <load_address>0x13f0</load_address>
         <run_address>0x13f0</run_address>
         <size>0x90</size>
         <input_file_ref idref="fl-11"/>
      </object_component>
      <object_component id="oc-4a4">
         <name>.text:xTaskRemoveFromEventList</name>
         <load_address>0x1480</load_address>
         <run_address>0x1480</run_address>
         <size>0x88</size>
         <input_file_ref idref="fl-11"/>
      </object_component>
      <object_component id="oc-1ef">
         <name>.text:app_task</name>
         <load_address>0x1508</load_address>
         <run_address>0x1508</run_address>
         <size>0x84</size>
         <input_file_ref idref="fl-4"/>
      </object_component>
      <object_component id="oc-1c0">
         <name>.text:DRV_Uart_Init</name>
         <load_address>0x158c</load_address>
         <run_address>0x158c</run_address>
         <size>0x80</size>
         <input_file_ref idref="fl-7"/>
      </object_component>
      <object_component id="oc-c4">
         <name>.text</name>
         <load_address>0x160c</load_address>
         <run_address>0x160c</run_address>
         <size>0x7a</size>
         <input_file_ref idref="fl-d7"/>
      </object_component>
      <object_component id="oc-41b">
         <name>.text</name>
         <load_address>0x1686</load_address>
         <run_address>0x1686</run_address>
         <size>0x2</size>
         <input_file_ref idref="fl-dd"/>
      </object_component>
      <object_component id="oc-311">
         <name>.text:vTaskDelay</name>
         <load_address>0x1688</load_address>
         <run_address>0x1688</run_address>
         <size>0x78</size>
         <input_file_ref idref="fl-11"/>
      </object_component>
      <object_component id="oc-47a">
         <name>.text:xTaskCheckForTimeOut</name>
         <load_address>0x1700</load_address>
         <run_address>0x1700</run_address>
         <size>0x78</size>
         <input_file_ref idref="fl-11"/>
      </object_component>
      <object_component id="oc-514">
         <name>.text:prvCopyDataToQueue</name>
         <load_address>0x1778</load_address>
         <run_address>0x1778</run_address>
         <size>0x72</size>
         <input_file_ref idref="fl-10"/>
      </object_component>
      <object_component id="oc-4f2">
         <name>.text:prvHeapInit</name>
         <load_address>0x17ec</load_address>
         <run_address>0x17ec</run_address>
         <size>0x70</size>
         <input_file_ref idref="fl-15"/>
      </object_component>
      <object_component id="oc-1e3">
         <name>.text:vTaskStartScheduler</name>
         <load_address>0x185c</load_address>
         <run_address>0x185c</run_address>
         <size>0x70</size>
         <input_file_ref idref="fl-11"/>
      </object_component>
      <object_component id="oc-294">
         <name>.text:GPIOJIntHandler</name>
         <load_address>0x18cc</load_address>
         <run_address>0x18cc</run_address>
         <size>0x6c</size>
         <input_file_ref idref="fl-c"/>
      </object_component>
      <object_component id="oc-28e">
         <name>.text:IntEnable</name>
         <load_address>0x1938</load_address>
         <run_address>0x1938</run_address>
         <size>0x68</size>
         <input_file_ref idref="fl-1c"/>
      </object_component>
      <object_component id="oc-16">
         <name>.text:decompress:lzss:__TI_decompress_lzss</name>
         <load_address>0x19a0</load_address>
         <run_address>0x19a0</run_address>
         <size>0x68</size>
         <input_file_ref idref="fl-db"/>
      </object_component>
      <object_component id="oc-492">
         <name>.text:vTaskPlaceOnEventList</name>
         <load_address>0x1a08</load_address>
         <run_address>0x1a08</run_address>
         <size>0x68</size>
         <input_file_ref idref="fl-11"/>
      </object_component>
      <object_component id="oc-135">
         <name>.text:tasks_start</name>
         <load_address>0x1a70</load_address>
         <run_address>0x1a70</run_address>
         <size>0x64</size>
         <input_file_ref idref="fl-a"/>
      </object_component>
      <object_component id="oc-480">
         <name>.text:prvUnlockQueue</name>
         <load_address>0x1ad4</load_address>
         <run_address>0x1ad4</run_address>
         <size>0x62</size>
         <input_file_ref idref="fl-10"/>
      </object_component>
      <object_component id="oc-2b0">
         <name>.text:xQueueGenericCreate</name>
         <load_address>0x1b36</load_address>
         <run_address>0x1b36</run_address>
         <size>0x62</size>
         <input_file_ref idref="fl-10"/>
      </object_component>
      <object_component id="oc-26a">
         <name>.text:TimerConfigure</name>
         <load_address>0x1b98</load_address>
         <run_address>0x1b98</run_address>
         <size>0x60</size>
         <input_file_ref idref="fl-1e"/>
      </object_component>
      <object_component id="oc-d0">
         <name>.text:main</name>
         <load_address>0x1bf8</load_address>
         <run_address>0x1bf8</run_address>
         <size>0x60</size>
         <input_file_ref idref="fl-2"/>
      </object_component>
      <object_component id="oc-2f7">
         <name>.text:prvInitialiseTaskLists</name>
         <load_address>0x1c58</load_address>
         <run_address>0x1c58</run_address>
         <size>0x60</size>
         <input_file_ref idref="fl-11"/>
      </object_component>
      <object_component id="oc-421">
         <name>.text:vPortFree</name>
         <load_address>0x1cb8</load_address>
         <run_address>0x1cb8</run_address>
         <size>0x60</size>
         <input_file_ref idref="fl-15"/>
      </object_component>
      <object_component id="oc-50e">
         <name>.text:vPortValidateInterruptPriority</name>
         <load_address>0x1d18</load_address>
         <run_address>0x1d18</run_address>
         <size>0x5c</size>
         <input_file_ref idref="fl-13"/>
      </object_component>
      <object_component id="oc-25e">
         <name>.text:GPIOIntTypeSet</name>
         <load_address>0x1d74</load_address>
         <run_address>0x1d74</run_address>
         <size>0x58</size>
         <input_file_ref idref="fl-1b"/>
      </object_component>
      <object_component id="oc-458">
         <name>.text:prvCheckTasksWaitingTermination</name>
         <load_address>0x1dcc</load_address>
         <run_address>0x1dcc</run_address>
         <size>0x58</size>
         <input_file_ref idref="fl-11"/>
      </object_component>
      <object_component id="oc-2e5">
         <name>.text:prvInitialiseTCBVariables</name>
         <load_address>0x1e24</load_address>
         <run_address>0x1e24</run_address>
         <size>0x56</size>
         <input_file_ref idref="fl-11"/>
      </object_component>
      <object_component id="oc-4f8">
         <name>.text:prvInsertBlockIntoFreeList</name>
         <load_address>0x1e7c</load_address>
         <run_address>0x1e7c</run_address>
         <size>0x50</size>
         <input_file_ref idref="fl-15"/>
      </object_component>
      <object_component id="oc-39f">
         <name>.text:_TimerIntNumberGet</name>
         <load_address>0x1ecc</load_address>
         <run_address>0x1ecc</run_address>
         <size>0x4c</size>
         <input_file_ref idref="fl-1e"/>
      </object_component>
      <object_component id="oc-465">
         <name>.text:prvAddCurrentTaskToDelayedList</name>
         <load_address>0x1f18</load_address>
         <run_address>0x1f18</run_address>
         <size>0x4c</size>
         <input_file_ref idref="fl-11"/>
      </object_component>
      <object_component id="oc-223">
         <name>.text:_SysCtlFrequencyGet</name>
         <load_address>0x1f64</load_address>
         <run_address>0x1f64</run_address>
         <size>0x48</size>
         <input_file_ref idref="fl-1d"/>
      </object_component>
      <object_component id="oc-3d9">
         <name>.text:UARTConfigSetExpClk</name>
         <load_address>0x1fac</load_address>
         <run_address>0x1fac</run_address>
         <size>0x46</size>
         <input_file_ref idref="fl-1f"/>
      </object_component>
      <object_component id="oc-2a5">
         <name>.text:UARTStdioConfig</name>
         <load_address>0x1ff4</load_address>
         <run_address>0x1ff4</run_address>
         <size>0x44</size>
         <input_file_ref idref="fl-8"/>
      </object_component>
      <object_component id="oc-392">
         <name>.text:_GPIOIntNumberGet</name>
         <load_address>0x2038</load_address>
         <run_address>0x2038</run_address>
         <size>0x44</size>
         <input_file_ref idref="fl-1b"/>
      </object_component>
      <object_component id="oc-148">
         <name>.text:__TI_auto_init_nobinit_nopinit:__TI_auto_init_nobinit_nopinit</name>
         <load_address>0x207c</load_address>
         <run_address>0x207c</run_address>
         <size>0x44</size>
         <input_file_ref idref="fl-de"/>
      </object_component>
      <object_component id="oc-2c2">
         <name>.text:OnButtonsDebounced</name>
         <load_address>0x20c0</load_address>
         <run_address>0x20c0</run_address>
         <size>0x40</size>
         <input_file_ref idref="fl-4"/>
      </object_component>
      <object_component id="oc-2d2">
         <name>.text</name>
         <load_address>0x2100</load_address>
         <run_address>0x2100</run_address>
         <size>0x40</size>
         <input_file_ref idref="fl-d8"/>
      </object_component>
      <object_component id="oc-1c6">
         <name>.text:app_initialize</name>
         <load_address>0x2140</load_address>
         <run_address>0x2140</run_address>
         <size>0x3c</size>
         <input_file_ref idref="fl-4"/>
      </object_component>
      <object_component id="oc-1e9">
         <name>.text:app_led_blink_task</name>
         <load_address>0x217c</load_address>
         <run_address>0x217c</run_address>
         <size>0x3c</size>
         <input_file_ref idref="fl-5"/>
      </object_component>
      <object_component id="oc-123">
         <name>.text:system_initialization</name>
         <load_address>0x21b8</load_address>
         <run_address>0x21b8</run_address>
         <size>0x3c</size>
         <input_file_ref idref="fl-9"/>
      </object_component>
      <object_component id="oc-2f1">
         <name>.text:vPortEnterCritical</name>
         <load_address>0x21f4</load_address>
         <run_address>0x21f4</run_address>
         <size>0x3c</size>
         <input_file_ref idref="fl-13"/>
      </object_component>
      <object_component id="oc-2df">
         <name>.text:prvAllocateTCBAndStack</name>
         <load_address>0x2230</load_address>
         <run_address>0x2230</run_address>
         <size>0x3a</size>
         <input_file_ref idref="fl-11"/>
      </object_component>
      <object_component id="oc-3d3">
         <name>.text:SysCtlPeripheralPresent</name>
         <load_address>0x226c</load_address>
         <run_address>0x226c</run_address>
         <size>0x38</size>
         <input_file_ref idref="fl-1d"/>
      </object_component>
      <object_component id="oc-246">
         <name>.text:SysCtlPeripheralReady</name>
         <load_address>0x22a4</load_address>
         <run_address>0x22a4</run_address>
         <size>0x38</size>
         <input_file_ref idref="fl-1d"/>
      </object_component>
      <object_component id="oc-2cc">
         <name>.text:UARTwrite</name>
         <load_address>0x22dc</load_address>
         <run_address>0x22dc</run_address>
         <size>0x38</size>
         <input_file_ref idref="fl-8"/>
      </object_component>
      <object_component id="oc-536">
         <name>.text:vListInsert</name>
         <load_address>0x2314</load_address>
         <run_address>0x2314</run_address>
         <size>0x38</size>
         <input_file_ref idref="fl-f"/>
      </object_component>
      <object_component id="oc-398">
         <name>.text:IntRegister</name>
         <load_address>0x234c</load_address>
         <run_address>0x234c</run_address>
         <size>0x34</size>
         <input_file_ref idref="fl-1c"/>
      </object_component>
      <object_component id="oc-240">
         <name>.text:SysCtlPeripheralEnable</name>
         <load_address>0x2380</load_address>
         <run_address>0x2380</run_address>
         <size>0x34</size>
         <input_file_ref idref="fl-1d"/>
      </object_component>
      <object_component id="oc-77">
         <name>.text:_c_int00_noargs:_c_int00_noargs</name>
         <load_address>0x23b4</load_address>
         <run_address>0x23b4</run_address>
         <size>0x34</size>
         <input_file_ref idref="fl-dc"/>
      </object_component>
      <object_component id="oc-42f">
         <name>.text:prvTaskExitError</name>
         <load_address>0x23e8</load_address>
         <run_address>0x23e8</run_address>
         <size>0x30</size>
         <input_file_ref idref="fl-13"/>
      </object_component>
      <object_component id="oc-37e">
         <name>.text:GPIODirModeSet</name>
         <load_address>0x2418</load_address>
         <run_address>0x2418</run_address>
         <size>0x2c</size>
         <input_file_ref idref="fl-1b"/>
      </object_component>
      <object_component id="oc-45">
         <name>.text:xPortSysTickHandler</name>
         <load_address>0x2444</load_address>
         <run_address>0x2444</run_address>
         <size>0x2c</size>
         <input_file_ref idref="fl-13"/>
      </object_component>
      <object_component id="oc-f7">
         <name>.text:prvResetNextTaskUnblockTime</name>
         <load_address>0x2470</load_address>
         <run_address>0x2470</run_address>
         <size>0x28</size>
         <input_file_ref idref="fl-11"/>
      </object_component>
      <object_component id="oc-2eb">
         <name>.text:pxPortInitialiseStack</name>
         <load_address>0x2498</load_address>
         <run_address>0x2498</run_address>
         <size>0x28</size>
         <input_file_ref idref="fl-13"/>
      </object_component>
      <object_component id="oc-2fd">
         <name>.text:vPortExitCritical</name>
         <load_address>0x24c0</load_address>
         <run_address>0x24c0</run_address>
         <size>0x28</size>
         <input_file_ref idref="fl-13"/>
      </object_component>
      <object_component id="oc-474">
         <name>.text:vTaskSetTimeOutState</name>
         <load_address>0x24e8</load_address>
         <run_address>0x24e8</run_address>
         <size>0x28</size>
         <input_file_ref idref="fl-11"/>
      </object_component>
      <object_component id="oc-498">
         <name>.text:prvCopyDataFromQueue</name>
         <load_address>0x2510</load_address>
         <run_address>0x2510</run_address>
         <size>0x26</size>
         <input_file_ref idref="fl-10"/>
      </object_component>
      <object_component id="oc-27c">
         <name>.text:IntPrioritySet</name>
         <load_address>0x2538</load_address>
         <run_address>0x2538</run_address>
         <size>0x24</size>
         <input_file_ref idref="fl-1c"/>
      </object_component>
      <object_component id="oc-4e1">
         <name>.text:UARTDisable</name>
         <load_address>0x255c</load_address>
         <run_address>0x255c</run_address>
         <size>0x20</size>
         <input_file_ref idref="fl-1f"/>
      </object_component>
      <object_component id="oc-21d">
         <name>.text:_SysCtlMemTimingGet</name>
         <load_address>0x257c</load_address>
         <run_address>0x257c</run_address>
         <size>0x20</size>
         <input_file_ref idref="fl-1d"/>
      </object_component>
      <object_component id="oc-fd">
         <name>.text:uxListRemove</name>
         <load_address>0x259c</load_address>
         <run_address>0x259c</run_address>
         <size>0x20</size>
         <input_file_ref idref="fl-f"/>
      </object_component>
      <object_component id="oc-405">
         <name>.text:xTaskGetSchedulerState</name>
         <load_address>0x25bc</load_address>
         <run_address>0x25bc</run_address>
         <size>0x20</size>
         <input_file_ref idref="fl-11"/>
      </object_component>
      <object_component id="oc-2bc">
         <name>.text:Buttons_Enable</name>
         <load_address>0x25dc</load_address>
         <run_address>0x25dc</run_address>
         <size>0x1c</size>
         <input_file_ref idref="fl-c"/>
      </object_component>
      <object_component id="oc-129">
         <name>.text:UARTprintf</name>
         <load_address>0x25f8</load_address>
         <run_address>0x25f8</run_address>
         <size>0x1a</size>
         <input_file_ref idref="fl-8"/>
      </object_component>
      <object_component id="oc-486">
         <name>.text:prvIsQueueEmpty</name>
         <load_address>0x2612</load_address>
         <run_address>0x2612</run_address>
         <size>0x1a</size>
         <input_file_ref idref="fl-10"/>
      </object_component>
      <object_component id="oc-282">
         <name>.text:GPIOIntRegister</name>
         <load_address>0x262c</load_address>
         <run_address>0x262c</run_address>
         <size>0x18</size>
         <input_file_ref idref="fl-1b"/>
      </object_component>
      <object_component id="oc-264">
         <name>.text:TimerDisable</name>
         <load_address>0x2644</load_address>
         <run_address>0x2644</run_address>
         <size>0x18</size>
         <input_file_ref idref="fl-1e"/>
      </object_component>
      <object_component id="oc-288">
         <name>.text:TimerIntRegister</name>
         <load_address>0x265c</load_address>
         <run_address>0x265c</run_address>
         <size>0x18</size>
         <input_file_ref idref="fl-1e"/>
      </object_component>
      <object_component id="oc-49e">
         <name>.text:pvTaskIncrementMutexHeldCount</name>
         <load_address>0x2674</load_address>
         <run_address>0x2674</run_address>
         <size>0x18</size>
         <input_file_ref idref="fl-11"/>
      </object_component>
      <object_component id="oc-12f">
         <name>.text:tasks_configuration</name>
         <load_address>0x268c</load_address>
         <run_address>0x268c</run_address>
         <size>0x18</size>
         <input_file_ref idref="fl-a"/>
      </object_component>
      <object_component id="oc-103">
         <name>.text:vListInsertEnd</name>
         <load_address>0x26a4</load_address>
         <run_address>0x26a4</run_address>
         <size>0x18</size>
         <input_file_ref idref="fl-f"/>
      </object_component>
      <object_component id="oc-24c">
         <name>.text:GPIOPinTypeGPIOInput</name>
         <load_address>0x26bc</load_address>
         <run_address>0x26bc</run_address>
         <size>0x16</size>
         <input_file_ref idref="fl-1b"/>
      </object_component>
      <object_component id="oc-43a">
         <name>.text:vListInitialise</name>
         <load_address>0x26d2</load_address>
         <run_address>0x26d2</run_address>
         <size>0x16</size>
         <input_file_ref idref="fl-f"/>
      </object_component>
      <object_component id="oc-2b6">
         <name>.text:Buttons_SetCallback</name>
         <load_address>0x26e8</load_address>
         <run_address>0x26e8</run_address>
         <size>0x14</size>
         <input_file_ref idref="fl-c"/>
      </object_component>
      <object_component id="oc-3df">
         <name>.text:UARTEnable</name>
         <load_address>0x26fc</load_address>
         <run_address>0x26fc</run_address>
         <size>0x14</size>
         <input_file_ref idref="fl-1f"/>
      </object_component>
      <object_component id="oc-451">
         <name>.text:vPortSetupTimerInterrupt</name>
         <load_address>0x2710</load_address>
         <run_address>0x2710</run_address>
         <size>0x14</size>
         <input_file_ref idref="fl-13"/>
      </object_component>
      <object_component id="oc-3b0">
         <name>.text:TimerLoadSet</name>
         <load_address>0x2724</load_address>
         <run_address>0x2724</run_address>
         <size>0x12</size>
         <input_file_ref idref="fl-1e"/>
      </object_component>
      <object_component id="oc-3aa">
         <name>.text:TimerPrescaleSet</name>
         <load_address>0x2736</load_address>
         <run_address>0x2736</run_address>
         <size>0x12</size>
         <input_file_ref idref="fl-1e"/>
      </object_component>
      <object_component id="oc-52e">
         <name>.text:prvDeleteTCB</name>
         <load_address>0x2748</load_address>
         <run_address>0x2748</run_address>
         <size>0x12</size>
         <input_file_ref idref="fl-11"/>
      </object_component>
      <object_component id="oc-4fe">
         <name>.text:vApplicationMallocFailedHook</name>
         <load_address>0x275a</load_address>
         <run_address>0x275a</run_address>
         <size>0x10</size>
         <input_file_ref idref="fl-a"/>
      </object_component>
      <object_component id="oc-ed">
         <name>.text:vApplicationStackOverflowHook</name>
         <load_address>0x276a</load_address>
         <run_address>0x276a</run_address>
         <size>0x10</size>
         <input_file_ref idref="fl-a"/>
      </object_component>
      <object_component id="oc-45f">
         <name>.text:vTaskSuspendAll</name>
         <load_address>0x277c</load_address>
         <run_address>0x277c</run_address>
         <size>0x10</size>
         <input_file_ref idref="fl-11"/>
      </object_component>
      <object_component id="oc-252">
         <name>.text:GPIOIntDisable</name>
         <load_address>0x278c</load_address>
         <run_address>0x278c</run_address>
         <size>0xe</size>
         <input_file_ref idref="fl-1b"/>
      </object_component>
      <object_component id="oc-3b6">
         <name>.text:TimerEnable</name>
         <load_address>0x279a</load_address>
         <run_address>0x279a</run_address>
         <size>0xe</size>
         <input_file_ref idref="fl-1e"/>
      </object_component>
      <object_component id="oc-1c">
         <name>.text:decompress:none:__TI_decompress_none</name>
         <load_address>0x27a8</load_address>
         <run_address>0x27a8</run_address>
         <size>0xe</size>
         <input_file_ref idref="fl-da"/>
      </object_component>
      <object_component id="oc-3c3">
         <name>.text:GPIOIntEnable</name>
         <load_address>0x27b6</load_address>
         <run_address>0x27b6</run_address>
         <size>0xc</size>
         <input_file_ref idref="fl-1b"/>
      </object_component>
      <object_component id="oc-6b">
         <name>.text:decompress:ZI:__TI_zero_init</name>
         <load_address>0x27c2</load_address>
         <run_address>0x27c2</run_address>
         <size>0xc</size>
         <input_file_ref idref="fl-d9"/>
      </object_component>
      <object_component id="oc-540">
         <name>.text:vTaskMissedYield</name>
         <load_address>0x27d0</load_address>
         <run_address>0x27d0</run_address>
         <size>0xc</size>
         <input_file_ref idref="fl-11"/>
      </object_component>
      <object_component id="oc-414">
         <name>.text:UARTCharPut</name>
         <load_address>0x27dc</load_address>
         <run_address>0x27dc</run_address>
         <size>0xa</size>
         <input_file_ref idref="fl-1f"/>
      </object_component>
      <object_component id="oc-276">
         <name>.text:TimerIntEnable</name>
         <load_address>0x27e6</load_address>
         <run_address>0x27e6</run_address>
         <size>0x8</size>
         <input_file_ref idref="fl-1e"/>
      </object_component>
      <object_component id="oc-30a">
         <name>.text:prvIdleTask</name>
         <load_address>0x27ee</load_address>
         <run_address>0x27ee</run_address>
         <size>0x8</size>
         <input_file_ref idref="fl-11"/>
      </object_component>
      <object_component id="oc-258">
         <name>.text:GPIOIntClear</name>
         <load_address>0x27f6</load_address>
         <run_address>0x27f6</run_address>
         <size>0x6</size>
         <input_file_ref idref="fl-1b"/>
      </object_component>
      <object_component id="oc-3bd">
         <name>.text:GPIOPinRead</name>
         <load_address>0x27fc</load_address>
         <run_address>0x27fc</run_address>
         <size>0x6</size>
         <input_file_ref idref="fl-1b"/>
      </object_component>
      <object_component id="oc-28">
         <name>.text:ResetISR</name>
         <load_address>0x2802</load_address>
         <run_address>0x2802</run_address>
         <size>0x6</size>
         <input_file_ref idref="fl-3"/>
      </object_component>
      <object_component id="oc-428">
         <name>.text:vListInitialiseItem</name>
         <load_address>0x2808</load_address>
         <run_address>0x2808</run_address>
         <size>0x6</size>
         <input_file_ref idref="fl-f"/>
      </object_component>
      <object_component id="oc-270">
         <name>.text:TimerIntClear</name>
         <load_address>0x280e</load_address>
         <run_address>0x280e</run_address>
         <size>0x4</size>
         <input_file_ref idref="fl-1e"/>
      </object_component>
      <object_component id="oc-ca">
         <name>.text:_system_pre_init</name>
         <load_address>0x2812</load_address>
         <run_address>0x2812</run_address>
         <size>0x4</size>
         <input_file_ref idref="fl-df"/>
      </object_component>
      <object_component id="oc-13c">
         <name>.text:abort:abort</name>
         <load_address>0x2816</load_address>
         <run_address>0x2816</run_address>
         <size>0x4</size>
         <input_file_ref idref="fl-e1"/>
      </object_component>
      <object_component id="oc-22c">
         <name>.const:g_pppui32XTALtoVCO</name>
         <load_address>0x281c</load_address>
         <run_address>0x281c</run_address>
         <size>0x1b0</size>
         <input_file_ref idref="fl-1d"/>
      </object_component>
      <object_component id="oc-4ca">
         <name>.const:g_ppui32GPIOIntMapSnowflake</name>
         <load_address>0x29cc</load_address>
         <run_address>0x29cc</run_address>
         <size>0xd8</size>
         <input_file_ref idref="fl-1b"/>
      </object_component>
      <object_component id="oc-4c7">
         <name>.const:g_ppui32GPIOIntMapBlizzard</name>
         <load_address>0x2aa4</load_address>
         <run_address>0x2aa4</run_address>
         <size>0xc0</size>
         <input_file_ref idref="fl-1b"/>
      </object_component>
      <object_component id="oc-38d">
         <name>.const:g_pui32Regs</name>
         <load_address>0x2b64</load_address>
         <run_address>0x2b64</run_address>
         <size>0x9c</size>
         <input_file_ref idref="fl-1c"/>
      </object_component>
      <object_component id="oc-229">
         <name>.const:g_pui32Xtals</name>
         <load_address>0x2c00</load_address>
         <run_address>0x2c00</run_address>
         <size>0x6c</size>
         <input_file_ref idref="fl-1d"/>
      </object_component>
      <object_component id="oc-4d2">
         <name>.const:g_ppui32TimerIntMap</name>
         <load_address>0x2c6c</load_address>
         <run_address>0x2c6c</run_address>
         <size>0x60</size>
         <input_file_ref idref="fl-1e"/>
      </object_component>
      <object_component id="oc-4d5">
         <name>.const:g_ppui32TimerIntMapSnowflake</name>
         <load_address>0x2ccc</load_address>
         <run_address>0x2ccc</run_address>
         <size>0x40</size>
         <input_file_ref idref="fl-1e"/>
      </object_component>
      <object_component id="oc-35a">
         <name>.const:g_sXTALtoMEMTIM</name>
         <load_address>0x2d0c</load_address>
         <run_address>0x2d0c</run_address>
         <size>0x30</size>
         <input_file_ref idref="fl-1d"/>
      </object_component>
      <object_component id="oc-3a6">
         <name>.const:g_pui32EnRegs</name>
         <load_address>0x2d3c</load_address>
         <run_address>0x2d3c</run_address>
         <size>0x14</size>
         <input_file_ref idref="fl-1c"/>
      </object_component>
      <object_component id="oc-3e8">
         <name>.const:g_ui32UARTBase</name>
         <load_address>0x2d50</load_address>
         <run_address>0x2d50</run_address>
         <size>0xc</size>
         <input_file_ref idref="fl-8"/>
      </object_component>
      <object_component id="oc-3e5">
         <name>.const:g_ui32UARTPeriph</name>
         <load_address>0x2d5c</load_address>
         <run_address>0x2d5c</run_address>
         <size>0xc</size>
         <input_file_ref idref="fl-8"/>
      </object_component>
      <object_component id="oc-22f">
         <name>.const:g_pui32VCOFrequencies</name>
         <load_address>0x2d68</load_address>
         <run_address>0x2d68</run_address>
         <size>0x8</size>
         <input_file_ref idref="fl-1d"/>
      </object_component>
      <object_component id="oc-92">
         <name>.const</name>
         <load_address>0x2d70</load_address>
         <run_address>0x2d70</run_address>
         <size>0x8</size>
         <input_file_ref idref="fl-13"/>
      </object_component>
      <object_component id="oc-5a9">
         <name>.cinit..data.load</name>
         <load_address>0x2d78</load_address>
         <run_address>0x2d78</run_address>
         <size>0x12</size>
      </object_component>
      <object_component id="oc-5a6">
         <name>__TI_handler_table</name>
         <load_address>0x2d8c</load_address>
         <run_address>0x2d8c</run_address>
         <size>0xc</size>
      </object_component>
      <object_component id="oc-5aa">
         <name>.cinit..bss.load</name>
         <load_address>0x2d98</load_address>
         <run_address>0x2d98</run_address>
         <size>0x8</size>
      </object_component>
      <object_component id="oc-5a8">
         <name>.cinit..vtable.load</name>
         <load_address>0x2da0</load_address>
         <run_address>0x2da0</run_address>
         <size>0x8</size>
      </object_component>
      <object_component id="oc-5a7">
         <name>__TI_cinit_table</name>
         <load_address>0x2da8</load_address>
         <run_address>0x2da8</run_address>
         <size>0x18</size>
      </object_component>
      <object_component id="oc-4ce">
         <name>.vtable</name>
         <uninitialized>true</uninitialized>
         <run_address>0x20000000</run_address>
         <size>0x26c</size>
         <input_file_ref idref="fl-1c"/>
      </object_component>
      <object_component id="oc-2c8">
         <name>.data</name>
         <load_address>0x200055a4</load_address>
         <run_address>0x200055a4</run_address>
         <size>0x4</size>
         <input_file_ref idref="fl-4"/>
      </object_component>
      <object_component id="oc-3eb">
         <name>.data</name>
         <load_address>0x2000559c</load_address>
         <run_address>0x2000559c</run_address>
         <size>0x5</size>
         <input_file_ref idref="fl-8"/>
      </object_component>
      <object_component id="oc-8f">
         <name>.data</name>
         <load_address>0x20005550</load_address>
         <run_address>0x20005550</run_address>
         <size>0x30</size>
         <input_file_ref idref="fl-11"/>
      </object_component>
      <object_component id="oc-436">
         <name>.data</name>
         <load_address>0x20005590</load_address>
         <run_address>0x20005590</run_address>
         <size>0xc</size>
         <input_file_ref idref="fl-13"/>
      </object_component>
      <object_component id="oc-504">
         <name>.data</name>
         <load_address>0x20005580</load_address>
         <run_address>0x20005580</run_address>
         <size>0x10</size>
         <input_file_ref idref="fl-15"/>
      </object_component>
      <object_component id="oc-2ab">
         <name>.bss</name>
         <uninitialized>true</uninitialized>
         <run_address>0x20005340</run_address>
         <size>0x4</size>
         <input_file_ref idref="fl-7"/>
      </object_component>
      <object_component id="oc-2a0">
         <name>.bss</name>
         <uninitialized>true</uninitialized>
         <run_address>0x20005320</run_address>
         <size>0xd</size>
         <input_file_ref idref="fl-c"/>
      </object_component>
      <object_component id="oc-f3">
         <name>.bss:pxReadyTasksLists</name>
         <uninitialized>true</uninitialized>
         <run_address>0x2000517c</run_address>
         <size>0x140</size>
         <input_file_ref idref="fl-11"/>
      </object_component>
      <object_component id="oc-440">
         <name>.bss:xDelayedTaskList1</name>
         <uninitialized>true</uninitialized>
         <run_address>0x200052bc</run_address>
         <size>0x14</size>
         <input_file_ref idref="fl-11"/>
      </object_component>
      <object_component id="oc-443">
         <name>.bss:xDelayedTaskList2</name>
         <uninitialized>true</uninitialized>
         <run_address>0x200052d0</run_address>
         <size>0x14</size>
         <input_file_ref idref="fl-11"/>
      </object_component>
      <object_component id="oc-109">
         <name>.bss</name>
         <uninitialized>true</uninitialized>
         <run_address>0x20005330</run_address>
         <size>0x8</size>
         <input_file_ref idref="fl-11"/>
      </object_component>
      <object_component id="oc-446">
         <name>.bss:xPendingReadyList</name>
         <uninitialized>true</uninitialized>
         <run_address>0x200052e4</run_address>
         <size>0x14</size>
         <input_file_ref idref="fl-11"/>
      </object_component>
      <object_component id="oc-449">
         <name>.bss:xTasksWaitingTermination</name>
         <uninitialized>true</uninitialized>
         <run_address>0x2000530c</run_address>
         <size>0x14</size>
         <input_file_ref idref="fl-11"/>
      </object_component>
      <object_component id="oc-44c">
         <name>.bss:xSuspendedTaskList</name>
         <uninitialized>true</uninitialized>
         <run_address>0x200052f8</run_address>
         <size>0x14</size>
         <input_file_ref idref="fl-11"/>
      </object_component>
      <object_component id="oc-55a">
         <name>.bss:ucHeap</name>
         <uninitialized>true</uninitialized>
         <run_address>0x2000026c</run_address>
         <size>0x4f10</size>
         <input_file_ref idref="fl-15"/>
      </object_component>
      <object_component id="oc-507">
         <name>.bss:xStart</name>
         <uninitialized>true</uninitialized>
         <run_address>0x20005338</run_address>
         <size>0x8</size>
         <input_file_ref idref="fl-15"/>
      </object_component>
      <object_component id="oc-1da">
         <name>.common:task_app_led_blink</name>
         <uninitialized>true</uninitialized>
         <run_address>0x20005348</run_address>
         <size>0x4</size>
      </object_component>
      <object_component id="oc-1db">
         <name>.common:task_app</name>
         <uninitialized>true</uninitialized>
         <run_address>0x20005344</run_address>
         <size>0x4</size>
      </object_component>
      <object_component id="oc-25">
         <name>.stack</name>
         <uninitialized>true</uninitialized>
         <run_address>0x20005350</run_address>
         <size>0x4</size>
         <input_file_ref idref="fl-dc"/>
      </object_component>
      <object_component id="oc-5ac">
         <name>.stack</name>
         <uninitialized>true</uninitialized>
         <run_address>0x20005350</run_address>
         <size>0x0</size>
      </object_component>
      <object_component id="oc-112">
         <name>.debug_info</name>
         <load_address>0x0</load_address>
         <run_address>0x0</run_address>
         <size>0x35f</size>
         <input_file_ref idref="fl-2"/>
      </object_component>
      <object_component id="oc-d2">
         <name>.debug_info</name>
         <load_address>0x35f</load_address>
         <run_address>0x35f</run_address>
         <size>0x172</size>
         <input_file_ref idref="fl-2"/>
      </object_component>
      <object_component id="oc-181">
         <name>.debug_info</name>
         <load_address>0x4d1</load_address>
         <run_address>0x4d1</run_address>
         <size>0x2ef</size>
         <input_file_ref idref="fl-2"/>
      </object_component>
      <object_component id="oc-a5">
         <name>.debug_info</name>
         <load_address>0x7c0</load_address>
         <run_address>0x7c0</run_address>
         <size>0x26b</size>
         <input_file_ref idref="fl-2"/>
      </object_component>
      <object_component id="oc-54">
         <name>.debug_info</name>
         <load_address>0xa2b</load_address>
         <run_address>0xa2b</run_address>
         <size>0x84</size>
         <input_file_ref idref="fl-2"/>
      </object_component>
      <object_component id="oc-186">
         <name>.debug_info</name>
         <load_address>0xaaf</load_address>
         <run_address>0xaaf</run_address>
         <size>0x2c</size>
         <input_file_ref idref="fl-2"/>
      </object_component>
      <object_component id="oc-10d">
         <name>.debug_info</name>
         <load_address>0xadb</load_address>
         <run_address>0xadb</run_address>
         <size>0x2a4</size>
         <input_file_ref idref="fl-2"/>
      </object_component>
      <object_component id="oc-aa">
         <name>.debug_info</name>
         <load_address>0xd7f</load_address>
         <run_address>0xd7f</run_address>
         <size>0xbb</size>
         <input_file_ref idref="fl-2"/>
      </object_component>
      <object_component id="oc-e5">
         <name>.debug_info</name>
         <load_address>0xe3a</load_address>
         <run_address>0xe3a</run_address>
         <size>0x53</size>
         <input_file_ref idref="fl-2"/>
      </object_component>
      <object_component id="oc-1d5">
         <name>.debug_info</name>
         <load_address>0xe8d</load_address>
         <run_address>0xe8d</run_address>
         <size>0x2c</size>
         <input_file_ref idref="fl-2"/>
      </object_component>
      <object_component id="oc-195">
         <name>.debug_info</name>
         <load_address>0xeb9</load_address>
         <run_address>0xeb9</run_address>
         <size>0x14c</size>
         <input_file_ref idref="fl-2"/>
      </object_component>
      <object_component id="oc-4d">
         <name>.debug_info</name>
         <load_address>0x1005</load_address>
         <run_address>0x1005</run_address>
         <size>0x321</size>
         <input_file_ref idref="fl-3"/>
      </object_component>
      <object_component id="oc-14">
         <name>.debug_info</name>
         <load_address>0x1326</load_address>
         <run_address>0x1326</run_address>
         <size>0xe0</size>
         <input_file_ref idref="fl-3"/>
      </object_component>
      <object_component id="oc-29">
         <name>.debug_info</name>
         <load_address>0x1406</load_address>
         <run_address>0x1406</run_address>
         <size>0x110</size>
         <input_file_ref idref="fl-3"/>
      </object_component>
      <object_component id="oc-2f">
         <name>.debug_info</name>
         <load_address>0x1516</load_address>
         <run_address>0x1516</run_address>
         <size>0xfe</size>
         <input_file_ref idref="fl-3"/>
      </object_component>
      <object_component id="oc-3c">
         <name>.debug_info</name>
         <load_address>0x1614</load_address>
         <run_address>0x1614</run_address>
         <size>0x119</size>
         <input_file_ref idref="fl-3"/>
      </object_component>
      <object_component id="oc-36">
         <name>.debug_info</name>
         <load_address>0x172d</load_address>
         <run_address>0x172d</run_address>
         <size>0x105</size>
         <input_file_ref idref="fl-3"/>
      </object_component>
      <object_component id="oc-320">
         <name>.debug_info</name>
         <load_address>0x1832</load_address>
         <run_address>0x1832</run_address>
         <size>0x525</size>
         <input_file_ref idref="fl-4"/>
      </object_component>
      <object_component id="oc-2c9">
         <name>.debug_info</name>
         <load_address>0x1d57</load_address>
         <run_address>0x1d57</run_address>
         <size>0xe7</size>
         <input_file_ref idref="fl-4"/>
      </object_component>
      <object_component id="oc-1f1">
         <name>.debug_info</name>
         <load_address>0x1e3e</load_address>
         <run_address>0x1e3e</run_address>
         <size>0x19e</size>
         <input_file_ref idref="fl-4"/>
      </object_component>
      <object_component id="oc-1c8">
         <name>.debug_info</name>
         <load_address>0x1fdc</load_address>
         <run_address>0x1fdc</run_address>
         <size>0x18f</size>
         <input_file_ref idref="fl-4"/>
      </object_component>
      <object_component id="oc-2c4">
         <name>.debug_info</name>
         <load_address>0x216b</load_address>
         <run_address>0x216b</run_address>
         <size>0x1c0</size>
         <input_file_ref idref="fl-4"/>
      </object_component>
      <object_component id="oc-3cc">
         <name>.debug_info</name>
         <load_address>0x232b</load_address>
         <run_address>0x232b</run_address>
         <size>0x5e</size>
         <input_file_ref idref="fl-4"/>
      </object_component>
      <object_component id="oc-355">
         <name>.debug_info</name>
         <load_address>0x2389</load_address>
         <run_address>0x2389</run_address>
         <size>0x46</size>
         <input_file_ref idref="fl-4"/>
      </object_component>
      <object_component id="oc-318">
         <name>.debug_info</name>
         <load_address>0x23cf</load_address>
         <run_address>0x23cf</run_address>
         <size>0x305</size>
         <input_file_ref idref="fl-5"/>
      </object_component>
      <object_component id="oc-1ea">
         <name>.debug_info</name>
         <load_address>0x26d4</load_address>
         <run_address>0x26d4</run_address>
         <size>0x1b7</size>
         <input_file_ref idref="fl-5"/>
      </object_component>
      <object_component id="oc-1b5">
         <name>.debug_info</name>
         <load_address>0x288b</load_address>
         <run_address>0x288b</run_address>
         <size>0x1ad</size>
         <input_file_ref idref="fl-6"/>
      </object_component>
      <object_component id="oc-2af">
         <name>.debug_info</name>
         <load_address>0x2a38</load_address>
         <run_address>0x2a38</run_address>
         <size>0x2b0</size>
         <input_file_ref idref="fl-7"/>
      </object_component>
      <object_component id="oc-2ac">
         <name>.debug_info</name>
         <load_address>0x2ce8</load_address>
         <run_address>0x2ce8</run_address>
         <size>0xe5</size>
         <input_file_ref idref="fl-7"/>
      </object_component>
      <object_component id="oc-1c1">
         <name>.debug_info</name>
         <load_address>0x2dcd</load_address>
         <run_address>0x2dcd</run_address>
         <size>0x1c1</size>
         <input_file_ref idref="fl-7"/>
      </object_component>
      <object_component id="oc-1d4">
         <name>.debug_info</name>
         <load_address>0x2f8e</load_address>
         <run_address>0x2f8e</run_address>
         <size>0x3f3</size>
         <input_file_ref idref="fl-8"/>
      </object_component>
      <object_component id="oc-3ef">
         <name>.debug_info</name>
         <load_address>0x3381</load_address>
         <run_address>0x3381</run_address>
         <size>0xea</size>
         <input_file_ref idref="fl-8"/>
      </object_component>
      <object_component id="oc-3e9">
         <name>.debug_info</name>
         <load_address>0x346b</load_address>
         <run_address>0x346b</run_address>
         <size>0xf2</size>
         <input_file_ref idref="fl-8"/>
      </object_component>
      <object_component id="oc-3e6">
         <name>.debug_info</name>
         <load_address>0x355d</load_address>
         <run_address>0x355d</run_address>
         <size>0xf6</size>
         <input_file_ref idref="fl-8"/>
      </object_component>
      <object_component id="oc-2ce">
         <name>.debug_info</name>
         <load_address>0x3653</load_address>
         <run_address>0x3653</run_address>
         <size>0x1cf</size>
         <input_file_ref idref="fl-8"/>
      </object_component>
      <object_component id="oc-1ce">
         <name>.debug_info</name>
         <load_address>0x3822</load_address>
         <run_address>0x3822</run_address>
         <size>0x2eb</size>
         <input_file_ref idref="fl-8"/>
      </object_component>
      <object_component id="oc-12c">
         <name>.debug_info</name>
         <load_address>0x3b0d</load_address>
         <run_address>0x3b0d</run_address>
         <size>0x186</size>
         <input_file_ref idref="fl-8"/>
      </object_component>
      <object_component id="oc-3ec">
         <name>.debug_info</name>
         <load_address>0x3c93</load_address>
         <run_address>0x3c93</run_address>
         <size>0x21a</size>
         <input_file_ref idref="fl-8"/>
      </object_component>
      <object_component id="oc-2a7">
         <name>.debug_info</name>
         <load_address>0x3ead</load_address>
         <run_address>0x3ead</run_address>
         <size>0x266</size>
         <input_file_ref idref="fl-8"/>
      </object_component>
      <object_component id="oc-2d8">
         <name>.debug_info</name>
         <load_address>0x4113</load_address>
         <run_address>0x4113</run_address>
         <size>0x8b</size>
         <input_file_ref idref="fl-8"/>
      </object_component>
      <object_component id="oc-125">
         <name>.debug_info</name>
         <load_address>0x419e</load_address>
         <run_address>0x419e</run_address>
         <size>0x1d9</size>
         <input_file_ref idref="fl-9"/>
      </object_component>
      <object_component id="oc-1a2">
         <name>.debug_info</name>
         <load_address>0x4377</load_address>
         <run_address>0x4377</run_address>
         <size>0x470</size>
         <input_file_ref idref="fl-a"/>
      </object_component>
      <object_component id="oc-ee">
         <name>.debug_info</name>
         <load_address>0x47e7</load_address>
         <run_address>0x47e7</run_address>
         <size>0x16d</size>
         <input_file_ref idref="fl-a"/>
      </object_component>
      <object_component id="oc-501">
         <name>.debug_info</name>
         <load_address>0x4954</load_address>
         <run_address>0x4954</run_address>
         <size>0x136</size>
         <input_file_ref idref="fl-a"/>
      </object_component>
      <object_component id="oc-138">
         <name>.debug_info</name>
         <load_address>0x4a8a</load_address>
         <run_address>0x4a8a</run_address>
         <size>0x16b</size>
         <input_file_ref idref="fl-a"/>
      </object_component>
      <object_component id="oc-131">
         <name>.debug_info</name>
         <load_address>0x4bf5</load_address>
         <run_address>0x4bf5</run_address>
         <size>0x12f</size>
         <input_file_ref idref="fl-a"/>
      </object_component>
      <object_component id="oc-2a4">
         <name>.debug_info</name>
         <load_address>0x4d24</load_address>
         <run_address>0x4d24</run_address>
         <size>0x6ce</size>
         <input_file_ref idref="fl-c"/>
      </object_component>
      <object_component id="oc-2a1">
         <name>.debug_info</name>
         <load_address>0x53f2</load_address>
         <run_address>0x53f2</run_address>
         <size>0x130</size>
         <input_file_ref idref="fl-c"/>
      </object_component>
      <object_component id="oc-296">
         <name>.debug_info</name>
         <load_address>0x5522</load_address>
         <run_address>0x5522</run_address>
         <size>0x1ef</size>
         <input_file_ref idref="fl-c"/>
      </object_component>
      <object_component id="oc-29c">
         <name>.debug_info</name>
         <load_address>0x5711</load_address>
         <run_address>0x5711</run_address>
         <size>0x235</size>
         <input_file_ref idref="fl-c"/>
      </object_component>
      <object_component id="oc-2b8">
         <name>.debug_info</name>
         <load_address>0x5946</load_address>
         <run_address>0x5946</run_address>
         <size>0x1a5</size>
         <input_file_ref idref="fl-c"/>
      </object_component>
      <object_component id="oc-1bb">
         <name>.debug_info</name>
         <load_address>0x5aeb</load_address>
         <run_address>0x5aeb</run_address>
         <size>0x32a</size>
         <input_file_ref idref="fl-c"/>
      </object_component>
      <object_component id="oc-2bd">
         <name>.debug_info</name>
         <load_address>0x5e15</load_address>
         <run_address>0x5e15</run_address>
         <size>0x176</size>
         <input_file_ref idref="fl-c"/>
      </object_component>
      <object_component id="oc-216">
         <name>.debug_info</name>
         <load_address>0x5f8b</load_address>
         <run_address>0x5f8b</run_address>
         <size>0x612</size>
         <input_file_ref idref="fl-e"/>
      </object_component>
      <object_component id="oc-19a">
         <name>.debug_info</name>
         <load_address>0x659d</load_address>
         <run_address>0x659d</run_address>
         <size>0x110</size>
         <input_file_ref idref="fl-e"/>
      </object_component>
      <object_component id="oc-344">
         <name>.debug_info</name>
         <load_address>0x66ad</load_address>
         <run_address>0x66ad</run_address>
         <size>0x39</size>
         <input_file_ref idref="fl-e"/>
      </object_component>
      <object_component id="oc-18b">
         <name>.debug_info</name>
         <load_address>0x66e6</load_address>
         <run_address>0x66e6</run_address>
         <size>0x46</size>
         <input_file_ref idref="fl-e"/>
      </object_component>
      <object_component id="oc-349">
         <name>.debug_info</name>
         <load_address>0x672c</load_address>
         <run_address>0x672c</run_address>
         <size>0x76</size>
         <input_file_ref idref="fl-e"/>
      </object_component>
      <object_component id="oc-1a8">
         <name>.debug_info</name>
         <load_address>0x67a2</load_address>
         <run_address>0x67a2</run_address>
         <size>0x2e3</size>
         <input_file_ref idref="fl-f"/>
      </object_component>
      <object_component id="oc-106">
         <name>.debug_info</name>
         <load_address>0x6a85</load_address>
         <run_address>0x6a85</run_address>
         <size>0x1ee</size>
         <input_file_ref idref="fl-f"/>
      </object_component>
      <object_component id="oc-539">
         <name>.debug_info</name>
         <load_address>0x6c73</load_address>
         <run_address>0x6c73</run_address>
         <size>0x219</size>
         <input_file_ref idref="fl-f"/>
      </object_component>
      <object_component id="oc-42c">
         <name>.debug_info</name>
         <load_address>0x6e8c</load_address>
         <run_address>0x6e8c</run_address>
         <size>0x19b</size>
         <input_file_ref idref="fl-f"/>
      </object_component>
      <object_component id="oc-43e">
         <name>.debug_info</name>
         <load_address>0x7027</load_address>
         <run_address>0x7027</run_address>
         <size>0x193</size>
         <input_file_ref idref="fl-f"/>
      </object_component>
      <object_component id="oc-101">
         <name>.debug_info</name>
         <load_address>0x71ba</load_address>
         <run_address>0x71ba</run_address>
         <size>0x1c6</size>
         <input_file_ref idref="fl-f"/>
      </object_component>
      <object_component id="oc-217">
         <name>.debug_info</name>
         <load_address>0x7380</load_address>
         <run_address>0x7380</run_address>
         <size>0x7f7</size>
         <input_file_ref idref="fl-10"/>
      </object_component>
      <object_component id="oc-481">
         <name>.debug_info</name>
         <load_address>0x7b77</load_address>
         <run_address>0x7b77</run_address>
         <size>0x268</size>
         <input_file_ref idref="fl-10"/>
      </object_component>
      <object_component id="oc-487">
         <name>.debug_info</name>
         <load_address>0x7ddf</load_address>
         <run_address>0x7ddf</run_address>
         <size>0x1e8</size>
         <input_file_ref idref="fl-10"/>
      </object_component>
      <object_component id="oc-499">
         <name>.debug_info</name>
         <load_address>0x7fc7</load_address>
         <run_address>0x7fc7</run_address>
         <size>0x1e5</size>
         <input_file_ref idref="fl-10"/>
      </object_component>
      <object_component id="oc-31a">
         <name>.debug_info</name>
         <load_address>0x81ac</load_address>
         <run_address>0x81ac</run_address>
         <size>0x561</size>
         <input_file_ref idref="fl-10"/>
      </object_component>
      <object_component id="oc-515">
         <name>.debug_info</name>
         <load_address>0x870d</load_address>
         <run_address>0x870d</run_address>
         <size>0x24e</size>
         <input_file_ref idref="fl-10"/>
      </object_component>
      <object_component id="oc-40c">
         <name>.debug_info</name>
         <load_address>0x895b</load_address>
         <run_address>0x895b</run_address>
         <size>0x371</size>
         <input_file_ref idref="fl-10"/>
      </object_component>
      <object_component id="oc-3fd">
         <name>.debug_info</name>
         <load_address>0x8ccc</load_address>
         <run_address>0x8ccc</run_address>
         <size>0x26c</size>
         <input_file_ref idref="fl-10"/>
      </object_component>
      <object_component id="oc-2b1">
         <name>.debug_info</name>
         <load_address>0x8f38</load_address>
         <run_address>0x8f38</run_address>
         <size>0x2ad</size>
         <input_file_ref idref="fl-10"/>
      </object_component>
      <object_component id="oc-350">
         <name>.debug_info</name>
         <load_address>0x91e5</load_address>
         <run_address>0x91e5</run_address>
         <size>0x1cd</size>
         <input_file_ref idref="fl-10"/>
      </object_component>
      <object_component id="oc-190">
         <name>.debug_info</name>
         <load_address>0x93b2</load_address>
         <run_address>0x93b2</run_address>
         <size>0x35</size>
         <input_file_ref idref="fl-10"/>
      </object_component>
      <object_component id="oc-e4">
         <name>.debug_info</name>
         <load_address>0x93e7</load_address>
         <run_address>0x93e7</run_address>
         <size>0x7a5</size>
         <input_file_ref idref="fl-11"/>
      </object_component>
      <object_component id="oc-90">
         <name>.debug_info</name>
         <load_address>0x9b8c</load_address>
         <run_address>0x9b8c</run_address>
         <size>0x307</size>
         <input_file_ref idref="fl-11"/>
      </object_component>
      <object_component id="oc-f4">
         <name>.debug_info</name>
         <load_address>0x9e93</load_address>
         <run_address>0x9e93</run_address>
         <size>0x103</size>
         <input_file_ref idref="fl-11"/>
      </object_component>
      <object_component id="oc-441">
         <name>.debug_info</name>
         <load_address>0x9f96</load_address>
         <run_address>0x9f96</run_address>
         <size>0x103</size>
         <input_file_ref idref="fl-11"/>
      </object_component>
      <object_component id="oc-444">
         <name>.debug_info</name>
         <load_address>0xa099</load_address>
         <run_address>0xa099</run_address>
         <size>0x103</size>
         <input_file_ref idref="fl-11"/>
      </object_component>
      <object_component id="oc-10a">
         <name>.debug_info</name>
         <load_address>0xa19c</load_address>
         <run_address>0xa19c</run_address>
         <size>0x145</size>
         <input_file_ref idref="fl-11"/>
      </object_component>
      <object_component id="oc-447">
         <name>.debug_info</name>
         <load_address>0xa2e1</load_address>
         <run_address>0xa2e1</run_address>
         <size>0x103</size>
         <input_file_ref idref="fl-11"/>
      </object_component>
      <object_component id="oc-44a">
         <name>.debug_info</name>
         <load_address>0xa3e4</load_address>
         <run_address>0xa3e4</run_address>
         <size>0x111</size>
         <input_file_ref idref="fl-11"/>
      </object_component>
      <object_component id="oc-44d">
         <name>.debug_info</name>
         <load_address>0xa4f5</load_address>
         <run_address>0xa4f5</run_address>
         <size>0x105</size>
         <input_file_ref idref="fl-11"/>
      </object_component>
      <object_component id="oc-f8">
         <name>.debug_info</name>
         <load_address>0xa5fa</load_address>
         <run_address>0xa5fa</run_address>
         <size>0x199</size>
         <input_file_ref idref="fl-11"/>
      </object_component>
      <object_component id="oc-9d">
         <name>.debug_info</name>
         <load_address>0xa793</load_address>
         <run_address>0xa793</run_address>
         <size>0x269</size>
         <input_file_ref idref="fl-11"/>
      </object_component>
      <object_component id="oc-46c">
         <name>.debug_info</name>
         <load_address>0xa9fc</load_address>
         <run_address>0xa9fc</run_address>
         <size>0x231</size>
         <input_file_ref idref="fl-11"/>
      </object_component>
      <object_component id="oc-4a5">
         <name>.debug_info</name>
         <load_address>0xac2d</load_address>
         <run_address>0xac2d</run_address>
         <size>0x240</size>
         <input_file_ref idref="fl-11"/>
      </object_component>
      <object_component id="oc-56d">
         <name>.debug_info</name>
         <load_address>0xae6d</load_address>
         <run_address>0xae6d</run_address>
         <size>0x221</size>
         <input_file_ref idref="fl-11"/>
      </object_component>
      <object_component id="oc-466">
         <name>.debug_info</name>
         <load_address>0xb08e</load_address>
         <run_address>0xb08e</run_address>
         <size>0x1f4</size>
         <input_file_ref idref="fl-11"/>
      </object_component>
      <object_component id="oc-406">
         <name>.debug_info</name>
         <load_address>0xb282</load_address>
         <run_address>0xb282</run_address>
         <size>0x19e</size>
         <input_file_ref idref="fl-11"/>
      </object_component>
      <object_component id="oc-2e0">
         <name>.debug_info</name>
         <load_address>0xb420</load_address>
         <run_address>0xb420</run_address>
         <size>0x27f</size>
         <input_file_ref idref="fl-11"/>
      </object_component>
      <object_component id="oc-2e6">
         <name>.debug_info</name>
         <load_address>0xb69f</load_address>
         <run_address>0xb69f</run_address>
         <size>0x27b</size>
         <input_file_ref idref="fl-11"/>
      </object_component>
      <object_component id="oc-2f8">
         <name>.debug_info</name>
         <load_address>0xb91a</load_address>
         <run_address>0xb91a</run_address>
         <size>0x200</size>
         <input_file_ref idref="fl-11"/>
      </object_component>
      <object_component id="oc-1de">
         <name>.debug_info</name>
         <load_address>0xbb1a</load_address>
         <run_address>0xbb1a</run_address>
         <size>0x43c</size>
         <input_file_ref idref="fl-11"/>
      </object_component>
      <object_component id="oc-475">
         <name>.debug_info</name>
         <load_address>0xbf56</load_address>
         <run_address>0xbf56</run_address>
         <size>0x1af</size>
         <input_file_ref idref="fl-11"/>
      </object_component>
      <object_component id="oc-47b">
         <name>.debug_info</name>
         <load_address>0xc105</load_address>
         <run_address>0xc105</run_address>
         <size>0x283</size>
         <input_file_ref idref="fl-11"/>
      </object_component>
      <object_component id="oc-96">
         <name>.debug_info</name>
         <load_address>0xc388</load_address>
         <run_address>0xc388</run_address>
         <size>0x1fa</size>
         <input_file_ref idref="fl-11"/>
      </object_component>
      <object_component id="oc-460">
         <name>.debug_info</name>
         <load_address>0xc582</load_address>
         <run_address>0xc582</run_address>
         <size>0x16f</size>
         <input_file_ref idref="fl-11"/>
      </object_component>
      <object_component id="oc-1e4">
         <name>.debug_info</name>
         <load_address>0xc6f1</load_address>
         <run_address>0xc6f1</run_address>
         <size>0x1c1</size>
         <input_file_ref idref="fl-11"/>
      </object_component>
      <object_component id="oc-48d">
         <name>.debug_info</name>
         <load_address>0xc8b2</load_address>
         <run_address>0xc8b2</run_address>
         <size>0x200</size>
         <input_file_ref idref="fl-11"/>
      </object_component>
      <object_component id="oc-493">
         <name>.debug_info</name>
         <load_address>0xcab2</load_address>
         <run_address>0xcab2</run_address>
         <size>0x27f</size>
         <input_file_ref idref="fl-11"/>
      </object_component>
      <object_component id="oc-541">
         <name>.debug_info</name>
         <load_address>0xcd31</load_address>
         <run_address>0xcd31</run_address>
         <size>0x171</size>
         <input_file_ref idref="fl-11"/>
      </object_component>
      <object_component id="oc-312">
         <name>.debug_info</name>
         <load_address>0xcea2</load_address>
         <run_address>0xcea2</run_address>
         <size>0x233</size>
         <input_file_ref idref="fl-11"/>
      </object_component>
      <object_component id="oc-49f">
         <name>.debug_info</name>
         <load_address>0xd0d5</load_address>
         <run_address>0xd0d5</run_address>
         <size>0x18f</size>
         <input_file_ref idref="fl-11"/>
      </object_component>
      <object_component id="oc-52f">
         <name>.debug_info</name>
         <load_address>0xd264</load_address>
         <run_address>0xd264</run_address>
         <size>0x1ae</size>
         <input_file_ref idref="fl-11"/>
      </object_component>
      <object_component id="oc-459">
         <name>.debug_info</name>
         <load_address>0xd412</load_address>
         <run_address>0xd412</run_address>
         <size>0x244</size>
         <input_file_ref idref="fl-11"/>
      </object_component>
      <object_component id="oc-30b">
         <name>.debug_info</name>
         <load_address>0xd656</load_address>
         <run_address>0xd656</run_address>
         <size>0x1a7</size>
         <input_file_ref idref="fl-11"/>
      </object_component>
      <object_component id="oc-17c">
         <name>.debug_info</name>
         <load_address>0xd7fd</load_address>
         <run_address>0xd7fd</run_address>
         <size>0x169</size>
         <input_file_ref idref="fl-11"/>
      </object_component>
      <object_component id="oc-ec">
         <name>.debug_info</name>
         <load_address>0xd966</load_address>
         <run_address>0xd966</run_address>
         <size>0x409</size>
         <input_file_ref idref="fl-13"/>
      </object_component>
      <object_component id="oc-93">
         <name>.debug_info</name>
         <load_address>0xdd6f</load_address>
         <run_address>0xdd6f</run_address>
         <size>0x179</size>
         <input_file_ref idref="fl-13"/>
      </object_component>
      <object_component id="oc-437">
         <name>.debug_info</name>
         <load_address>0xdee8</load_address>
         <run_address>0xdee8</run_address>
         <size>0x184</size>
         <input_file_ref idref="fl-13"/>
      </object_component>
      <object_component id="oc-47">
         <name>.debug_info</name>
         <load_address>0xe06c</load_address>
         <run_address>0xe06c</run_address>
         <size>0x1cf</size>
         <input_file_ref idref="fl-13"/>
      </object_component>
      <object_component id="oc-452">
         <name>.debug_info</name>
         <load_address>0xe23b</load_address>
         <run_address>0xe23b</run_address>
         <size>0x1c0</size>
         <input_file_ref idref="fl-13"/>
      </object_component>
      <object_component id="oc-305">
         <name>.debug_info</name>
         <load_address>0xe3fb</load_address>
         <run_address>0xe3fb</run_address>
         <size>0x264</size>
         <input_file_ref idref="fl-13"/>
      </object_component>
      <object_component id="oc-50f">
         <name>.debug_info</name>
         <load_address>0xe65f</load_address>
         <run_address>0xe65f</run_address>
         <size>0x238</size>
         <input_file_ref idref="fl-13"/>
      </object_component>
      <object_component id="oc-2ff">
         <name>.debug_info</name>
         <load_address>0xe897</load_address>
         <run_address>0xe897</run_address>
         <size>0x1b2</size>
         <input_file_ref idref="fl-13"/>
      </object_component>
      <object_component id="oc-2f2">
         <name>.debug_info</name>
[...]
         <value>0x200</value>
      </symbol>
      <symbol id="sm-b">
         <name>__STACK_END</name>
         <value>0x20005550</value>
      </symbol>
      <symbol id="sm-c">
         <name>__c_args__</name>
         <value>0xffffffff</value>
      </symbol>
      <symbol id="sm-d">
         <name>__TI_pprof_out_hndl</name>
         <value>0xffffffff</value>
      </symbol>
      <symbol id="sm-e">
         <name>__TI_prof_data_start</name>
         <value>0xffffffff</value>
      </symbol>
      <symbol id="sm-f">
         <name>__TI_prof_data_size</name>
         <value>0xffffffff</value>
      </symbol>
      <symbol id="sm-66">
         <name>main</name>
         <value>0x1bf9</value>
         <object_component_ref idref="oc-d0"/>
      </symbol>
      <symbol id="sm-97">
         <name>ResetISR</name>
         <value>0x2803</value>
         <object_component_ref idref="oc-28"/>
      </symbol>
      <symbol id="sm-98">
         <name>g_pfnVectors</name>
         <value>0x0</value>
         <object_component_ref idref="oc-13"/>
      </symbol>
      <symbol id="sm-db">
         <name>app_initialize</name>
         <value>0x2141</value>
         <object_component_ref idref="oc-1c6"/>
      </symbol>
      <symbol id="sm-dc">
         <name>app_task</name>
         <value>0x1509</value>
         <object_component_ref idref="oc-1ef"/>
      </symbol>
      <symbol id="sm-dd">
         <name>ACTEventQueue</name>
         <value>0x200055a4</value>
         <object_component_ref idref="oc-2c8"/>
      </symbol>
      <symbol id="sm-ee">
         <name>app_led_blink_task</name>
         <value>0x217d</value>
         <object_component_ref idref="oc-1e9"/>
      </symbol>
      <symbol id="sm-100">
         <name>Pinout_Init</name>
         <value>0x1185</value>
         <object_component_ref idref="oc-1b4"/>
      </symbol>
      <symbol id="sm-11a">
         <name>DRV_Uart_Init</name>
         <value>0x158d</value>
         <object_component_ref idref="oc-1c0"/>
      </symbol>
      <symbol id="sm-18d">
         <name>UARTStdioConfig</name>
         <value>0x1ff5</value>
         <object_component_ref idref="oc-2a5"/>
      </symbol>
      <symbol id="sm-18e">
         <name>UARTwrite</name>
         <value>0x22dd</value>
         <object_component_ref idref="oc-2cc"/>
      </symbol>
      <symbol id="sm-18f">
         <name>UARTprintf</name>
         <value>0x25f9</value>
         <object_component_ref idref="oc-129"/>
      </symbol>
      <symbol id="sm-190">
         <name>UARTvprintf</name>
         <value>0x401</value>
         <object_component_ref idref="oc-1cd"/>
      </symbol>
      <symbol id="sm-19d">
         <name>system_initialization</name>
         <value>0x21b9</value>
         <object_component_ref idref="oc-123"/>
      </symbol>
      <symbol id="sm-1d0">
         <name>task_app_led_blink</name>
         <value>0x20005348</value>
      </symbol>
      <symbol id="sm-1d1">
         <name>task_app</name>
         <value>0x20005344</value>
      </symbol>
      <symbol id="sm-1d2">
         <name>tasks_configuration</name>
         <value>0x268d</value>
         <object_component_ref idref="oc-12f"/>
      </symbol>
      <symbol id="sm-1d3">
         <name>vApplicationStackOverflowHook</name>
         <value>0x276b</value>
         <object_component_ref idref="oc-ed"/>
      </symbol>
      <symbol id="sm-1d4">
         <name>tasks_start</name>
         <value>0x1a71</value>
         <object_component_ref idref="oc-135"/>
      </symbol>
      <symbol id="sm-1d5">
         <name>vApplicationMallocFailedHook</name>
         <value>0x275b</value>
         <object_component_ref idref="oc-4fe"/>
      </symbol>
      <symbol id="sm-22e">
         <name>Buttons_SetCallback</name>
         <value>0x26e9</value>
         <object_component_ref idref="oc-2b6"/>
      </symbol>
      <symbol id="sm-22f">
         <name>Buttons_Enable</name>
         <value>0x25dd</value>
         <object_component_ref idref="oc-2bc"/>
      </symbol>
      <symbol id="sm-230">
         <name>Timer0AIntHandler</name>
         <value>0xeb1</value>
         <object_component_ref idref="oc-29a"/>
      </symbol>
      <symbol id="sm-231">
         <name>GPIOJIntHandler</name>
         <value>0x18cd</value>
         <object_component_ref idref="oc-294"/>
      </symbol>
      <symbol id="sm-232">
         <name>Buttons_Init</name>
         <value>0xd01</value>
         <object_component_ref idref="oc-1ba"/>
      </symbol>
      <symbol id="sm-27b">
         <name>uxListRemove</name>
         <value>0x259d</value>
         <object_component_ref idref="oc-fd"/>
      </symbol>
      <symbol id="sm-27c">
         <name>vListInsert</name>
         <value>0x2315</value>
         <object_component_ref idref="oc-536"/>
      </symbol>
      <symbol id="sm-27d">
         <name>vListInitialiseItem</name>
         <value>0x2809</value>
         <object_component_ref idref="oc-428"/>
      </symbol>
      <symbol id="sm-27e">
         <name>vListInsertEnd</name>
         <value>0x26a5</value>
         <object_component_ref idref="oc-103"/>
      </symbol>
      <symbol id="sm-27f">
         <name>vListInitialise</name>
         <value>0x26d3</value>
         <object_component_ref idref="oc-43a"/>
      </symbol>
      <symbol id="sm-30e">
         <name>xQueueGenericSendFromISR</name>
         <value>0xf79</value>
         <object_component_ref idref="oc-40b"/>
      </symbol>
      <symbol id="sm-30f">
         <name>xQueueGenericCreate</name>
         <value>0x1b37</value>
         <object_component_ref idref="oc-2b0"/>
      </symbol>
      <symbol id="sm-310">
         <name>xQueueGenericReset</name>
         <value>0x135d</value>
         <object_component_ref idref="oc-3fc"/>
      </symbol>
      <symbol id="sm-311">
         <name>xQueueGenericReceive</name>
         <value>0x75d</value>
         <object_component_ref idref="oc-319"/>
      </symbol>
      <symbol id="sm-4ec">
         <name>vTaskDelay</name>
         <value>0x1689</value>
         <object_component_ref idref="oc-311"/>
      </symbol>
      <symbol id="sm-4ed">
         <name>vTaskSuspendAll</name>
         <value>0x277d</value>
         <object_component_ref idref="oc-45f"/>
      </symbol>
      <symbol id="sm-4ee">
         <name>vTaskPriorityInherit</name>
         <value>0x13f1</value>
         <object_component_ref idref="oc-48c"/>
      </symbol>
      <symbol id="sm-4ef">
         <name>vTaskPlaceOnEventList</name>
         <value>0x1a09</value>
         <object_component_ref idref="oc-492"/>
      </symbol>
      <symbol id="sm-4f0">
         <name>xTaskCheckForTimeOut</name>
         <value>0x1701</value>
         <object_component_ref idref="oc-47a"/>
      </symbol>
      <symbol id="sm-4f1">
         <name>xTaskPriorityDisinherit</name>
         <value>0x102d</value>
         <object_component_ref idref="oc-56c"/>
      </symbol>
      <symbol id="sm-4f2">
         <name>vTaskStartScheduler</name>
         <value>0x185d</value>
         <object_component_ref idref="oc-1e3"/>
      </symbol>
      <symbol id="sm-4f3">
         <name>pvTaskIncrementMutexHeldCount</name>
         <value>0x2675</value>
         <object_component_ref idref="oc-49e"/>
      </symbol>
      <symbol id="sm-4f4">
         <name>vTaskMissedYield</name>
         <value>0x27d1</value>
         <object_component_ref idref="oc-540"/>
      </symbol>
      <symbol id="sm-4f5">
         <name>xTaskResumeAll</name>
         <value>0xc0d</value>
         <object_component_ref idref="oc-46b"/>
      </symbol>
      <symbol id="sm-4f6">
         <name>xTaskGenericCreate</name>
         <value>0x8c5</value>
         <object_component_ref idref="oc-1dd"/>
      </symbol>
      <symbol id="sm-4f7">
         <name>pxCurrentTCB</name>
         <value>0x20005550</value>
         <object_component_ref idref="oc-8f"/>
      </symbol>
      <symbol id="sm-4f8">
         <name>vTaskSetTimeOutState</name>
         <value>0x24e9</value>
         <object_component_ref idref="oc-474"/>
      </symbol>
      <symbol id="sm-4f9">
         <name>xTaskIncrementTick</name>
         <value>0x9f1</value>
         <object_component_ref idref="oc-9c"/>
      </symbol>
      <symbol id="sm-4fa">
         <name>vTaskSwitchContext</name>
         <value>0x10dd</value>
         <object_component_ref idref="oc-95"/>
      </symbol>
      <symbol id="sm-4fb">
         <name>xTaskGetSchedulerState</name>
         <value>0x25bd</value>
         <object_component_ref idref="oc-405"/>
      </symbol>
      <symbol id="sm-4fc">
         <name>xTaskRemoveFromEventList</name>
         <value>0x1481</value>
         <object_component_ref idref="oc-4a4"/>
      </symbol>
      <symbol id="sm-57d">
         <name>ulMaxSyscallInterruptPriority</name>
         <value>0x2d70</value>
         <object_component_ref idref="oc-92"/>
      </symbol>
      <symbol id="sm-57e">
         <name>vPortSetupTimerInterrupt</name>
         <value>0x2711</value>
         <object_component_ref idref="oc-451"/>
      </symbol>
      <symbol id="sm-57f">
         <name>xPortSysTickHandler</name>
         <value>0x2445</value>
         <object_component_ref idref="oc-45"/>
      </symbol>
      <symbol id="sm-580">
         <name>vPortValidateInterruptPriority</name>
         <value>0x1d19</value>
         <object_component_ref idref="oc-50e"/>
      </symbol>
      <symbol id="sm-581">
         <name>pxPortInitialiseStack</name>
         <value>0x2499</value>
         <object_component_ref idref="oc-2eb"/>
      </symbol>
      <symbol id="sm-582">
         <name>vPortExitCritical</name>
         <value>0x24c1</value>
         <object_component_ref idref="oc-2fd"/>
      </symbol>
      <symbol id="sm-583">
         <name>xPortStartScheduler</name>
         <value>0x12c5</value>
         <object_component_ref idref="oc-304"/>
      </symbol>
      <symbol id="sm-584">
         <name>vPortEnterCritical</name>
         <value>0x21f5</value>
         <object_component_ref idref="oc-2f1"/>
      </symbol>
      <symbol id="sm-593">
         <name>vPortStartFirstTask</name>
         <value>0xe85</value>
         <object_component_ref idref="oc-40"/>
      </symbol>
      <symbol id="sm-594">
         <name>ulPortGetIPSR</name>
         <value>0xded</value>
         <object_component_ref idref="oc-40"/>
      </symbol>
      <symbol id="sm-595">
         <name>vPortEnableVFP</name>
         <value>0xea1</value>
         <object_component_ref idref="oc-40"/>
      </symbol>
      <symbol id="sm-596">
         <name>xPortPendSVHandler</name>
         <value>0xe05</value>
         <object_component_ref idref="oc-40"/>
      </symbol>
      <symbol id="sm-597">
         <name>vPortSVCHandler</name>
         <value>0xe65</value>
         <object_component_ref idref="oc-40"/>
      </symbol>
      <symbol id="sm-607">
         <name>pvPortMalloc</name>
         <value>0xb0d</value>
         <object_component_ref idref="oc-3f6"/>
      </symbol>
      <symbol id="sm-608">
         <name>vPortFree</name>
         <value>0x1cb9</value>
         <object_component_ref idref="oc-421"/>
      </symbol>
      <symbol id="sm-691">
         <name>GPIOIntRegister</name>
         <value>0x262d</value>
         <object_component_ref idref="oc-282"/>
      </symbol>
      <symbol id="sm-692">
         <name>GPIOIntDisable</name>
         <value>0x278d</value>
         <object_component_ref idref="oc-252"/>
      </symbol>
      <symbol id="sm-693">
         <name>GPIOIntEnable</name>
         <value>0x27b7</value>
         <object_component_ref idref="oc-3c3"/>
      </symbol>
      <symbol id="sm-694">
         <name>GPIOIntTypeSet</name>
         <value>0x1d75</value>
         <object_component_ref idref="oc-25e"/>
      </symbol>
      <symbol id="sm-695">
         <name>GPIOPinTypeGPIOInput</name>
         <value>0x26bd</value>
         <object_component_ref idref="oc-24c"/>
      </symbol>
      <symbol id="sm-696">
         <name>GPIOIntClear</name>
         <value>0x27f7</value>
         <object_component_ref idref="oc-258"/>
      </symbol>
      <symbol id="sm-697">
         <name>GPIOPinRead</name>
         <value>0x27fd</value>
         <object_component_ref idref="oc-3bd"/>
      </symbol>
      <symbol id="sm-698">
         <name>GPIODirModeSet</name>
         <value>0x2419</value>
         <object_component_ref idref="oc-37e"/>
      </symbol>
      <symbol id="sm-699">
         <name>GPIOPadConfigSet</name>
         <value>0x5f1</value>
         <object_component_ref idref="oc-239"/>
      </symbol>
      <symbol id="sm-6db">
         <name>IntPrioritySet</name>
         <value>0x2539</value>
         <object_component_ref idref="oc-27c"/>
      </symbol>
      <symbol id="sm-6dc">
         <name>IntEnable</name>
         <value>0x1939</value>
         <object_component_ref idref="oc-28e"/>
      </symbol>
      <symbol id="sm-6dd">
         <name>IntRegister</name>
         <value>0x234d</value>
         <object_component_ref idref="oc-398"/>
      </symbol>
      <symbol id="sm-6de">
         <name>g_pfnRAMVectors</name>
         <value>0x20000000</value>
         <object_component_ref idref="oc-4ce"/>
      </symbol>
      <symbol id="sm-762">
         <name>SysCtlPeripheralPresent</name>
         <value>0x226d</value>
         <object_component_ref idref="oc-3d3"/>
      </symbol>
      <symbol id="sm-763">
         <name>SysCtlPeripheralEnable</name>
         <value>0x2381</value>
         <object_component_ref idref="oc-240"/>
      </symbol>
      <symbol id="sm-764">
         <name>SysCtlPeripheralReady</name>
         <value>0x22a5</value>
         <object_component_ref idref="oc-246"/>
      </symbol>
      <symbol id="sm-765">
         <name>SysCtlClockFreqSet</name>
         <value>0x201</value>
         <object_component_ref idref="oc-1ae"/>
      </symbol>
      <symbol id="sm-7d2">
         <name>TimerLoadSet</name>
         <value>0x2725</value>
         <object_component_ref idref="oc-3b0"/>
      </symbol>
      <symbol id="sm-7d3">
         <name>TimerDisable</name>
         <value>0x2645</value>
         <object_component_ref idref="oc-264"/>
      </symbol>
      <symbol id="sm-7d4">
         <name>TimerIntRegister</name>
         <value>0x265d</value>
         <object_component_ref idref="oc-288"/>
      </symbol>
      <symbol id="sm-7d5">
         <name>TimerEnable</name>
         <value>0x279b</value>
         <object_component_ref idref="oc-3b6"/>
      </symbol>
      <symbol id="sm-7d6">
         <name>TimerPrescaleSet</name>
         <value>0x2737</value>
         <object_component_ref idref="oc-3aa"/>
      </symbol>
      <symbol id="sm-7d7">
         <name>TimerIntEnable</name>
         <value>0x27e7</value>
         <object_component_ref idref="oc-276"/>
      </symbol>
      <symbol id="sm-7d8">
         <name>TimerConfigure</name>
         <value>0x1b99</value>
         <object_component_ref idref="oc-26a"/>
      </symbol>
      <symbol id="sm-7d9">
         <name>TimerIntClear</name>
         <value>0x280f</value>
         <object_component_ref idref="oc-270"/>
      </symbol>
      <symbol id="sm-803">
         <name>UARTConfigSetExpClk</name>
         <value>0x1fad</value>
         <object_component_ref idref="oc-3d9"/>
      </symbol>
      <symbol id="sm-804">
         <name>UARTDisable</name>
         <value>0x255d</value>
         <object_component_ref idref="oc-4e1"/>
      </symbol>
      <symbol id="sm-805">
         <name>UARTCharPut</name>
         <value>0x27dd</value>
         <object_component_ref idref="oc-414"/>
      </symbol>
      <symbol id="sm-806">
         <name>UARTEnable</name>
         <value>0x26fd</value>
         <object_component_ref idref="oc-3df"/>
      </symbol>
      <symbol id="sm-822">
         <name>memcpy</name>
         <value>0x1229</value>
         <object_component_ref idref="oc-59"/>
      </symbol>
      <symbol id="sm-823">
         <name>__aeabi_memcpy</name>
         <value>0x1229</value>
         <object_component_ref idref="oc-59"/>
      </symbol>
      <symbol id="sm-824">
         <name>__aeabi_memcpy8</name>
         <value>0x1229</value>
         <object_component_ref idref="oc-59"/>
      </symbol>
      <symbol id="sm-825">
         <name>__aeabi_memcpy4</name>
         <value>0x1229</value>
         <object_component_ref idref="oc-59"/>
      </symbol>
      <symbol id="sm-834">
         <name>__aeabi_memset</name>
         <value>0x160f</value>
         <object_component_ref idref="oc-c4"/>
      </symbol>
      <symbol id="sm-835">
         <name>memset</name>
         <value>0x1615</value>
         <object_component_ref idref="oc-c4"/>
      </symbol>
      <symbol id="sm-836">
         <name>__aeabi_memset8</name>
         <value>0x160f</value>
         <object_component_ref idref="oc-c4"/>
      </symbol>
      <symbol id="sm-837">
         <name>__aeabi_memset4</name>
         <value>0x160f</value>
         <object_component_ref idref="oc-c4"/>
      </symbol>
      <symbol id="sm-838">
         <name>__aeabi_memclr8</name>
         <value>0x160d</value>
         <object_component_ref idref="oc-c4"/>
      </symbol>
      <symbol id="sm-839">
         <name>__aeabi_memclr4</name>
         <value>0x160d</value>
         <object_component_ref idref="oc-c4"/>
      </symbol>
      <symbol id="sm-83a">
         <name>__aeabi_memclr</name>
         <value>0x160d</value>
         <object_component_ref idref="oc-c4"/>
      </symbol>
      <symbol id="sm-849">
         <name>__aeabi_uidivmod</name>
         <value>0x2101</value>
         <object_component_ref idref="oc-2d2"/>
      </symbol>
      <symbol id="sm-84a">
         <name>__aeabi_uidiv</name>
         <value>0x2101</value>
         <object_component_ref idref="oc-2d2"/>
      </symbol>
      <symbol id="sm-861">
         <name>__TI_zero_init</name>
         <value>0x27c3</value>
         <object_component_ref idref="oc-6b"/>
      </symbol>
      <symbol id="sm-878">
         <name>__TI_decompress_none</name>
         <value>0x27a9</value>
         <object_component_ref idref="oc-1c"/>
      </symbol>
      <symbol id="sm-89b">
         <name>__TI_decompress_lzss</name>
         <value>0x19a1</value>
         <object_component_ref idref="oc-16"/>
      </symbol>
      <symbol id="sm-8ae">
         <name>__stack</name>
         <value>0x20005350</value>
         <object_component_ref idref="oc-25"/>
      </symbol>
      <symbol id="sm-8af">
         <name>_c_int00_noargs</name>
         <value>0x23b5</value>
         <object_component_ref idref="oc-77"/>
      </symbol>
      <symbol id="sm-8b9">
         <name>__aeabi_idiv0</name>
         <value>0x1687</value>
         <object_component_ref idref="oc-41b"/>
      </symbol>
      <symbol id="sm-8ba">
         <name>__aeabi_ldiv0</name>
         <value>0x1687</value>
         <object_component_ref idref="oc-41b"/>
      </symbol>
      <symbol id="sm-8e2">
         <name>__TI_auto_init_nobinit_nopinit</name>
         <value>0x207d</value>
         <object_component_ref idref="oc-148"/>
      </symbol>
      <symbol id="sm-8ec">
         <name>_system_pre_init</name>
         <value>0x2813</value>
         <object_component_ref idref="oc-ca"/>
      </symbol>
      <symbol id="sm-8f8">
         <name>C$$EXIT</name>
         <value>0x2817</value>
         <object_component_ref idref="oc-13c"/>
      </symbol>
      <symbol id="sm-8f9">
         <name>abort</name>
         <value>0x2817</value>
         <object_component_ref idref="oc-13c"/>
      </symbol>
      <symbol id="sm-8fc">
         <name>__TI_static_base__</name>
         <value>0x0</value>
      </symbol>
      <symbol id="sm-8ff">
         <name>__mpu_init</name>
         <value>0x0</value>
      </symbol>
      <symbol id="sm-900">
         <name>_system_post_cinit</name>
         <value>0x0</value>
      </symbol>
   </symbol_table>
   <title>Link successful</title>
</link_info>
