******************************************************************************
                  TI ARM Linker PC v20.2.7                     
******************************************************************************
>> Linked Sun Mar  1 18:24:11 2026

OUTPUT FILE NAME:   <freertos.out>
ENTRY POINT SYMBOL: "_c_int00_noargs"  address: 000023b5


MEMORY CONFIGURATION

         name            origin    length      used     unused   attr    fill
----------------------  --------  ---------  --------  --------  ----  --------
  FLASH                 00000000   00100000  00002dbe  000fd242  R  X
  SRAM                  20000000   00040000  000055a4  0003aa5c  RW X


SEGMENT ALLOCATION MAP

run origin  load origin   length   init length attrs members
----------  ----------- ---------- ----------- ----- -------
00000000    00000000    00002dc0   00002dc0    r-x
  00000000    00000000    00000200   00000200    r-- .intvecs
  00000200    00000200    0000261a   0000261a    r-x .text
  0000281c    0000281c    0000055c   0000055c    r-- .const
  00002d78    00002d78    00000048   00000048    r-- .cinit
20000000    20000000    000055a8   00000000    rw-
  20000000    20000000    0000026c   00000000    rw- .vtable
  2000026c    2000026c    000050e0   00000000    rw- .bss
  20005350    20005350    00000200   00000000    rw- .stack
  20005550    20005550    00000058   00000000    rw- .data


SECTION ALLOCATION MAP

 output                                  attributes/
section   page    origin      length       input sections
--------  ----  ----------  ----------   ----------------
.intvecs   0    00000000    00000200     
                  00000000    00000200     startup_ccs.obj (.intvecs)

.text      0    00000200    0000261a     
                  00000200    00000200     driverlib.lib : sysctl.obj (.text:SysCtlClockFreqSet)
                  00000400    000001ee     uartstdio.obj (.text:UARTvprintf)
                  000005ee    00000002     startup_ccs.obj (.text:FaultISR)
                  000005f0    0000016c     driverlib.lib : gpio.obj (.text:GPIOPadConfigSet)
                  0000075c    00000168     queue.obj (.text:xQueueGenericReceive)
                  000008c4    0000012c     tasks.obj (.text:xTaskGenericCreate)
                  000009f0    0000011c     tasks.obj (.text:xTaskIncrementTick)
                  00000b0c    00000100     heap_4.obj (.text:pvPortMalloc)
                  00000c0c    000000f4     tasks.obj (.text:xTaskResumeAll)
                  00000d00    000000dc     buttons.obj (.text:Buttons_Init)
                  00000ddc    000000d2     portasm.obj (.text)
                  00000eae    00000002     startup_ccs.obj (.text:IntDefaultHandler)
                  00000eb0    000000c8     buttons.obj (.text:Timer0AIntHandler)
                  00000f78    000000b2     queue.obj (.text:xQueueGenericSendFromISR)
                  0000102a    00000002     startup_ccs.obj (.text:NmiSR)
                  0000102c    000000b0     tasks.obj (.text:xTaskPriorityDisinherit)
                  000010dc    000000a8     tasks.obj (.text:vTaskSwitchContext)
                  00001184    000000a4     pinout.obj (.text:Pinout_Init)
                  00001228    0000009c     rtsv7M4_T_le_v4SPD16_eabi.lib : memcpy_t2.asm.obj (.text)
                  000012c4    00000098     port.obj (.text:xPortStartScheduler)
                  0000135c    00000094     queue.obj (.text:xQueueGenericReset)
                  000013f0    00000090     tasks.obj (.text:vTaskPriorityInherit)
                  00001480    00000088     tasks.obj (.text:xTaskRemoveFromEventList)
                  00001508    00000084     app.obj (.text:app_task)
                  0000158c    00000080     drv_uart.obj (.text:DRV_Uart_Init)
                  0000160c    0000007a     rtsv7M4_T_le_v4SPD16_eabi.lib : memset_t2.asm.obj (.text)
                  00001686    00000002                                   : div0.asm.obj (.text)
                  00001688    00000078     tasks.obj (.text:vTaskDelay)
                  00001700    00000078     tasks.obj (.text:xTaskCheckForTimeOut)
                  00001778    00000072     queue.obj (.text:prvCopyDataToQueue)
                  000017ea    00000002     --HOLE-- [fill = 0]
                  000017ec    00000070     heap_4.obj (.text:prvHeapInit)
                  0000185c    00000070     tasks.obj (.text:vTaskStartScheduler)
                  000018cc    0000006c     buttons.obj (.text:GPIOJIntHandler)
                  00001938    00000068     driverlib.lib : interrupt.obj (.text:IntEnable)
                  000019a0    00000068     rtsv7M4_T_le_v4SPD16_eabi.lib : copy_decompress_lzss.c.obj (.text:decompress:lzss:__TI_decompress_lzss)
                  00001a08    00000068     tasks.obj (.text:vTaskPlaceOnEventList)
                  00001a70    00000064     tasks_work.obj (.text:tasks_start)
                  00001ad4    00000062     queue.obj (.text:prvUnlockQueue)
                  00001b36    00000062     queue.obj (.text:xQueueGenericCreate)
                  00001b98    00000060     driverlib.lib : timer.obj (.text:TimerConfigure)
                  00001bf8    00000060     main.obj (.text:main)
                  00001c58    00000060     tasks.obj (.text:prvInitialiseTaskLists)
                  00001cb8    00000060     heap_4.obj (.text:vPortFree)
                  00001d18    0000005c     port.obj (.text:vPortValidateInterruptPriority)
                  00001d74    00000058     driverlib.lib : gpio.obj (.text:GPIOIntTypeSet)
                  00001dcc    00000058     tasks.obj (.text:prvCheckTasksWaitingTermination)
                  00001e24    00000056     tasks.obj (.text:prvInitialiseTCBVariables)
                  00001e7a    00000002     --HOLE-- [fill = 0]
                  00001e7c    00000050     heap_4.obj (.text:prvInsertBlockIntoFreeList)
                  00001ecc    0000004c     driverlib.lib : timer.obj (.text:_TimerIntNumberGet)
                  00001f18    0000004c     tasks.obj (.text:prvAddCurrentTaskToDelayedList)
                  00001f64    00000048     driverlib.lib : sysctl.obj (.text:_SysCtlFrequencyGet)
                  00001fac    00000046                   : uart.obj (.text:UARTConfigSetExpClk)
                  00001ff2    00000002     --HOLE-- [fill = 0]
                  00001ff4    00000044     uartstdio.obj (.text:UARTStdioConfig)
                  00002038    00000044     driverlib.lib : gpio.obj (.text:_GPIOIntNumberGet)
                  0000207c    00000044     rtsv7M4_T_le_v4SPD16_eabi.lib : autoinit.c.obj (.text:__TI_auto_init_nobinit_nopinit:__TI_auto_init_nobinit_nopinit)
                  000020c0    00000040     app.obj (.text:OnButtonsDebounced)
                  00002100    00000040     rtsv7M4_T_le_v4SPD16_eabi.lib : u_divt2.asm.obj (.text)
                  00002140    0000003c     app.obj (.text:app_initialize)
                  0000217c    0000003c     app_led_blin.obj (.text:app_led_blink_task)
                  000021b8    0000003c     initialization.obj (.text:system_initialization)
                  000021f4    0000003c     port.obj (.text:vPortEnterCritical)
                  00002230    0000003a     tasks.obj (.text:prvAllocateTCBAndStack)
                  0000226a    00000002     --HOLE-- [fill = 0]
                  0000226c    00000038     driverlib.lib : sysctl.obj (.text:SysCtlPeripheralPresent)
                  000022a4    00000038                   : sysctl.obj (.text:SysCtlPeripheralReady)
                  000022dc    00000038     uartstdio.obj (.text:UARTwrite)
                  00002314    00000038     list.obj (.text:vListInsert)
                  0000234c    00000034     driverlib.lib : interrupt.obj (.text:IntRegister)
                  00002380    00000034                   : sysctl.obj (.text:SysCtlPeripheralEnable)
                  000023b4    00000034     rtsv7M4_T_le_v4SPD16_eabi.lib : boot_cortex_m.c.obj (.text:_c_int00_noargs:_c_int00_noargs)
                  000023e8    00000030     port.obj (.text:prvTaskExitError)
                  00002418    0000002c     driverlib.lib : gpio.obj (.text:GPIODirModeSet)
                  00002444    0000002c     port.obj (.text:xPortSysTickHandler)
                  00002470    00000028     tasks.obj (.text:prvResetNextTaskUnblockTime)
                  00002498    00000028     port.obj (.text:pxPortInitialiseStack)
                  000024c0    00000028     port.obj (.text:vPortExitCritical)
                  000024e8    00000028     tasks.obj (.text:vTaskSetTimeOutState)
                  00002510    00000026     queue.obj (.text:prvCopyDataFromQueue)
                  00002536    00000002     --HOLE-- [fill = 0]
                  00002538    00000024     driverlib.lib : interrupt.obj (.text:IntPrioritySet)
                  0000255c    00000020                   : uart.obj (.text:UARTDisable)
                  0000257c    00000020                   : sysctl.obj (.text:_SysCtlMemTimingGet)
                  0000259c    00000020     list.obj (.text:uxListRemove)
                  000025bc    00000020     tasks.obj (.text:xTaskGetSchedulerState)
                  000025dc    0000001c     buttons.obj (.text:Buttons_Enable)
                  000025f8    0000001a     uartstdio.obj (.text:UARTprintf)
                  00002612    0000001a     queue.obj (.text:prvIsQueueEmpty)
                  0000262c    00000018     driverlib.lib : gpio.obj (.text:GPIOIntRegister)
                  00002644    00000018                   : timer.obj (.text:TimerDisable)
                  0000265c    00000018                   : timer.obj (.text:TimerIntRegister)
                  00002674    00000018     tasks.obj (.text:pvTaskIncrementMutexHeldCount)
                  0000268c    00000018     tasks_work.obj (.text:tasks_configuration)
                  000026a4    00000018     list.obj (.text:vListInsertEnd)
                  000026bc    00000016     driverlib.lib : gpio.obj (.text:GPIOPinTypeGPIOInput)
                  000026d2    00000016     list.obj (.text:vListInitialise)
                  000026e8    00000014     buttons.obj (.text:Buttons_SetCallback)
                  000026fc    00000014     driverlib.lib : uart.obj (.text:UARTEnable)
                  00002710    00000014     port.obj (.text:vPortSetupTimerInterrupt)
                  00002724    00000012     driverlib.lib : timer.obj (.text:TimerLoadSet)
                  00002736    00000012                   : timer.obj (.text:TimerPrescaleSet)
                  00002748    00000012     tasks.obj (.text:prvDeleteTCB)
                  0000275a    00000010     tasks_work.obj (.text:vApplicationMallocFailedHook)
                  0000276a    00000010     tasks_work.obj (.text:vApplicationStackOverflowHook)
                  0000277a    00000002     --HOLE-- [fill = 0]
                  0000277c    00000010     tasks.obj (.text:vTaskSuspendAll)
                  0000278c    0000000e     driverlib.lib : gpio.obj (.text:GPIOIntDisable)
                  0000279a    0000000e                   : timer.obj (.text:TimerEnable)
                  000027a8    0000000e     rtsv7M4_T_le_v4SPD16_eabi.lib : copy_decompress_none.c.obj (.text:decompress:none:__TI_decompress_none)
                  000027b6    0000000c     driverlib.lib : gpio.obj (.text:GPIOIntEnable)
                  000027c2    0000000c     rtsv7M4_T_le_v4SPD16_eabi.lib : copy_zero_init.c.obj (.text:decompress:ZI:__TI_zero_init)
                  000027ce    00000002     --HOLE-- [fill = 0]
                  000027d0    0000000c     tasks.obj (.text:vTaskMissedYield)
                  000027dc    0000000a     driverlib.lib : uart.obj (.text:UARTCharPut)
                  000027e6    00000008                   : timer.obj (.text:TimerIntEnable)
                  000027ee    00000008     tasks.obj (.text:prvIdleTask)
                  000027f6    00000006     driverlib.lib : gpio.obj (.text:GPIOIntClear)
                  000027fc    00000006                   : gpio.obj (.text:GPIOPinRead)
                  00002802    00000006     startup_ccs.obj (.text:ResetISR)
                  00002808    00000006     list.obj (.text:vListInitialiseItem)
                  0000280e    00000004     driverlib.lib : timer.obj (.text:TimerIntClear)
                  00002812    00000004     rtsv7M4_T_le_v4SPD16_eabi.lib : pre_init.c.obj (.text:_system_pre_init)
                  00002816    00000004                                   : exit.c.obj (.text:abort:abort)

.const     0    0000281c    0000055c     
                  0000281c    000001b0     driverlib.lib : sysctl.obj (.const:g_pppui32XTALtoVCO)
                  000029cc    000000d8                   : gpio.obj (.const:g_ppui32GPIOIntMapSnowflake)
                  00002aa4    000000c0                   : gpio.obj (.const:g_ppui32GPIOIntMapBlizzard)
                  00002b64    0000009c                   : interrupt.obj (.const:g_pui32Regs)
                  00002c00    0000006c                   : sysctl.obj (.const:g_pui32Xtals)
                  00002c6c    00000060                   : timer.obj (.const:g_ppui32TimerIntMap)
                  00002ccc    00000040                   : timer.obj (.const:g_ppui32TimerIntMapSnowflake)
                  00002d0c    00000030                   : sysctl.obj (.const:g_sXTALtoMEMTIM)
                  00002d3c    00000014                   : interrupt.obj (.const:g_pui32EnRegs)
                  00002d50    0000000c     uartstdio.obj (.const:g_ui32UARTBase)
                  00002d5c    0000000c     uartstdio.obj (.const:g_ui32UARTPeriph)
                  00002d68    00000008     driverlib.lib : sysctl.obj (.const:g_pui32VCOFrequencies)
                  00002d70    00000008     port.obj (.const)

.cinit     0    00002d78    00000048     
                  00002d78    00000012     (.cinit..data.load) [load image, compression = lzss]
                  00002d8a    00000002     --HOLE-- [fill = 0]
                  00002d8c    0000000c     (__TI_handler_table)
                  00002d98    00000008     (.cinit..bss.load) [load image, compression = zero_init]
                  00002da0    00000008     (.cinit..vtable.load) [load image, compression = zero_init]
                  00002da8    00000018     (__TI_cinit_table)

.init_array 
*          0    00000000    00000000     UNINITIALIZED

.vtable    0    20000000    0000026c     UNINITIALIZED
                  20000000    0000026c     driverlib.lib : interrupt.obj (.vtable)

.bss       0    2000026c    000050e0     UNINITIALIZED
                  2000026c    00004f10     heap_4.obj (.bss:ucHeap)
                  2000517c    00000140     tasks.obj (.bss:pxReadyTasksLists)
                  200052bc    00000014     tasks.obj (.bss:xDelayedTaskList1)
                  200052d0    00000014     tasks.obj (.bss:xDelayedTaskList2)
                  200052e4    00000014     tasks.obj (.bss:xPendingReadyList)
                  200052f8    00000014     tasks.obj (.bss:xSuspendedTaskList)
                  2000530c    00000014     tasks.obj (.bss:xTasksWaitingTermination)
                  20005320    0000000d     buttons.obj (.bss)
                  2000532d    00000003     --HOLE--
                  20005330    00000008     tasks.obj (.bss)
                  20005338    00000008     heap_4.obj (.bss:xStart)
                  20005340    00000004     drv_uart.obj (.bss)
                  20005344    00000004     (.common:task_app)
                  20005348    00000004     (.common:task_app_led_blink)

.data      0    20005550    00000058     UNINITIALIZED
                  20005550    00000030     tasks.obj (.data)
                  20005580    00000010     heap_4.obj (.data)
                  20005590    0000000c     port.obj (.data)
                  2000559c    00000005     uartstdio.obj (.data)
                  200055a1    00000003     --HOLE--
                  200055a4    00000004     app.obj (.data)

.stack     0    20005350    00000200     UNINITIALIZED
                  20005350    00000004     rtsv7M4_T_le_v4SPD16_eabi.lib : boot_cortex_m.c.obj (.stack)
                  20005354    000001fc     --HOLE--

__llvm_prf_cnts 
*          0    20000000    00000000     UNINITIALIZED

.binit     0    00000000    00000000     

MODULE SUMMARY

       Module                       code   ro data   rw data
       ------                       ----   -------   -------
    .\
       startup_ccs.obj              12     512       0      
       main.obj                     96     0         0      
    +--+----------------------------+------+---------+---------+
       Total:                       108    512       0      
                                                            
    .\src\
       tasks_work.obj               156    0         8      
       initialization.obj           60     0         0      
    +--+----------------------------+------+---------+---------+
       Total:                       216    0         8      
                                                            
    .\src\apps\app\
       app.obj                      256    0         4      
    +--+----------------------------+------+---------+---------+
       Total:                       256    0         4      
                                                            
    .\src\apps\app_led_blink\
       app_led_blin.obj             60     0         0      
    +--+----------------------------+------+---------+---------+
       Total:                       60     0         0      
                                                            
    .\src\drivers\buttons\
       buttons.obj                  576    0         13     
    +--+----------------------------+------+---------+---------+
       Total:                       576    0         13     
                                                            
    .\src\drivers\pinout\
       pinout.obj                   164    0         0      
    +--+----------------------------+------+---------+---------+
       Total:                       164    0         0      
                                                            
    .\src\drivers\uart\
       uartstdio.obj                644    24        5      
       drv_uart.obj                 128    0         4      
    +--+----------------------------+------+---------+---------+
       Total:                       772    24        9      
                                                            
    .\src\third_party\FreeRTOS\Source\
       tasks.obj                    2502   0         476    
       queue.obj                    1060   0         0      
       list.obj                     140    0         0      
    +--+----------------------------+------+---------+---------+
       Total:                       3702   0         476    
                                                            
    .\src\third_party\FreeRTOS\Source\portable\CCS\ARM_CM4F\
       port.obj                     496    8         12     
       portasm.obj                  210    0         0      
    +--+----------------------------+------+---------+---------+
       Total:                       706    8         12     
                                                            
    .\src\third_party\FreeRTOS\Source\portable\MemMang\
       heap_4.obj                   544    0         20264  
    +--+----------------------------+------+---------+---------+
       Total:                       544    0         20264  
                                                            
    C:/ti/TivaWare_C_Series-2.2.0.295/driverlib/ccs/Debug/driverlib.lib
       sysctl.obj                   780    596       0      
       gpio.obj                     648    408       0      
       interrupt.obj                192    176       620    
       timer.obj                    282    160       0      
       uart.obj                     132    0         0      
    +--+----------------------------+------+---------+---------+
       Total:                       2034   1340      620    
                                                            
    C:\ti\ti-cgt-arm_20.2.7.LTS\lib\rtsv7M4_T_le_v4SPD16_eabi.lib
       memcpy_t2.asm.obj            156    0         0      
       memset_t2.asm.obj            122    0         0      
       copy_decompress_lzss.c.obj   104    0         0      
       autoinit.c.obj               68     0         0      
       u_divt2.asm.obj              64     0         0      
       boot_cortex_m.c.obj          52     0         0      
       copy_decompress_none.c.obj   14     0         0      
       copy_zero_init.c.obj         12     0         0      
       exit.c.obj                   4      0         0      
       pre_init.c.obj               4      0         0      
       div0.asm.obj                 2      0         0      
    +--+----------------------------+------+---------+---------+
       Total:                       602    0         0      
                                                            
       Stack:                       0      0         512    
       Linker Generated:            0      70        0      
    +--+----------------------------+------+---------+---------+
       Grand Total:                 9740   1954      21918  


LINKER GENERATED COPY TABLES

__TI_cinit_table @ 00002da8 records: 3, size/record: 8, table size: 24
	.data: load addr=00002d78, load size=00000012 bytes, run addr=20005550, run size=00000058 bytes, compression=lzss
	.bss: load addr=00002d98, load size=00000008 bytes, run addr=2000026c, run size=000050e0 bytes, compression=zero_init
	.vtable: load addr=00002da0, load size=00000008 bytes, run addr=20000000, run size=0000026c bytes, compression=zero_init


LINKER GENERATED HANDLER TABLE

__TI_handler_table @ 00002d8c records: 3, size/record: 4, table size: 12
	index: 0, handler: __TI_zero_init
	index: 1, handler: __TI_decompress_lzss
	index: 2, handler: __TI_decompress_none


GLOBAL SYMBOLS: SORTED ALPHABETICALLY BY Name 

address   name                          
-------   ----                          
200055a4  ACTEventQueue                 
000025dd  Buttons_Enable                
00000d01  Buttons_Init                  
000026e9  Buttons_SetCallback           
00002817  C$$EXIT                       
0000158d  DRV_Uart_Init                 
00002419  GPIODirModeSet                
000027f7  GPIOIntClear                  
0000278d  GPIOIntDisable                
000027b7  GPIOIntEnable                 
0000262d  GPIOIntRegister               
00001d75  GPIOIntTypeSet                
000018cd  GPIOJIntHandler               
000005f1  GPIOPadConfigSet              
000027fd  GPIOPinRead                   
000026bd  GPIOPinTypeGPIOInput          
00001939  IntEnable                     
00002539  IntPrioritySet                
0000234d  IntRegister                   
00001185  Pinout_Init                   
00002803  ResetISR                      
00000201  SysCtlClockFreqSet            
00002381  SysCtlPeripheralEnable        
0000226d  SysCtlPeripheralPresent       
000022a5  SysCtlPeripheralReady         
00000eb1  Timer0AIntHandler             
00001b99  TimerConfigure                
00002645  TimerDisable                  
0000279b  TimerEnable                   
0000280f  TimerIntClear                 
000027e7  TimerIntEnable                
0000265d  TimerIntRegister              
00002725  TimerLoadSet                  
00002737  TimerPrescaleSet              
000027dd  UARTCharPut                   
00001fad  UARTConfigSetExpClk           
0000255d  UARTDisable                   
000026fd  UARTEnable                    
00001ff5  UARTStdioConfig               
000025f9  UARTprintf                    
00000401  UARTvprintf                   
000022dd  UARTwrite                     
20005550  __STACK_END                   
00000200  __STACK_SIZE                  
20005550  __STACK_TOP                   
00002da8  __TI_CINIT_Base               
00002dc0  __TI_CINIT_Limit              
00002d8c  __TI_Handler_Table_Base       
00002d98  __TI_Handler_Table_Limit      
0000207d  __TI_auto_init_nobinit_nopinit
000019a1  __TI_decompress_lzss          
000027a9  __TI_decompress_none          
ffffffff  __TI_pprof_out_hndl           
ffffffff  __TI_prof_data_size           
ffffffff  __TI_prof_data_start          
00000000  __TI_static_base__            
000027c3  __TI_zero_init                
00001687  __aeabi_idiv0                 
00001687  __aeabi_ldiv0                 
0000160d  __aeabi_memclr                
0000160d  __aeabi_memclr4               
0000160d  __aeabi_memclr8               
00001229  __aeabi_memcpy                
00001229  __aeabi_memcpy4               
00001229  __aeabi_memcpy8               
0000160f  __aeabi_memset                
0000160f  __aeabi_memset4               
0000160f  __aeabi_memset8               
00002101  __aeabi_uidiv                 
00002101  __aeabi_uidivmod              
ffffffff  __binit__                     
ffffffff  __c_args__                    
UNDEFED   __mpu_init                    
20005350  __stack                       
20000000  __start___llvm_prf_cnts       
20000000  __stop___llvm_prf_cnts        
000023b5  _c_int00_noargs               
UNDEFED   _system_post_cinit            
00002813  _system_pre_init              
00002817  abort                         
00002141  app_initialize                
0000217d  app_led_blink_task            
00001509  app_task                      
ffffffff  binit                         
20000000  g_pfnRAMVectors               
00000000  g_pfnVectors                  
00001bf9  main                          
00001229  memcpy                        
00001615  memset                        
00000b0d  pvPortMalloc                  
00002675  pvTaskIncrementMutexHeldCount 
20005550  pxCurrentTCB                  
00002499  pxPortInitialiseStack         
000021b9  system_initialization         
20005344  task_app                      
20005348  task_app_led_blink            
0000268d  tasks_configuration           
00001a71  tasks_start                   
00002d70  ulMaxSyscallInterruptPriority 
00000ded  ulPortGetIPSR                 
0000259d  uxListRemove                  
0000275b  vApplicationMallocFailedHook  
0000276b  vApplicationStackOverflowHook 
000026d3  vListInitialise               
00002809  vListInitialiseItem           
00002315  vListInsert                   
000026a5  vListInsertEnd                
00000ea1  vPortEnableVFP                
000021f5  vPortEnterCritical            
000024c1  vPortExitCritical             
00001cb9  vPortFree                     
00000e65  vPortSVCHandler               
00002711  vPortSetupTimerInterrupt      
00000e85  vPortStartFirstTask           
00001d19  vPortValidateInterruptPriority
00001689  vTaskDelay                    
000027d1  vTaskMissedYield              
00001a09  vTaskPlaceOnEventList         
000013f1  vTaskPriorityInherit          
000024e9  vTaskSetTimeOutState          
0000185d  vTaskStartScheduler           
0000277d  vTaskSuspendAll               
000010dd  vTaskSwitchContext            
00000e05  xPortPendSVHandler            
000012c5  xPortStartScheduler           
00002445  xPortSysTickHandler           
00001b37  xQueueGenericCreate           
0000075d  xQueueGenericReceive          
0000135d  xQueueGenericReset            
00000f79  xQueueGenericSendFromISR      
00001701  xTaskCheckForTimeOut          
000008c5  xTaskGenericCreate            
000025bd  xTaskGetSchedulerState        
000009f1  xTaskIncrementTick            
0000102d  xTaskPriorityDisinherit       
00001481  xTaskRemoveFromEventList      
00000c0d  xTaskResumeAll                


GLOBAL SYMBOLS: SORTED BY Symbol Address 

address   name                          
-------   ----                          
00000000  __TI_static_base__            
00000000  g_pfnVectors                  
00000200  __STACK_SIZE                  
00000201  SysCtlClockFreqSet            
00000401  UARTvprintf                   
000005f1  GPIOPadConfigSet              
0000075d  xQueueGenericReceive          
000008c5  xTaskGenericCreate            
000009f1  xTaskIncrementTick            
00000b0d  pvPortMalloc                  
00000c0d  xTaskResumeAll                
00000d01  Buttons_Init                  
00000ded  ulPortGetIPSR                 
00000e05  xPortPendSVHandler            
00000e65  vPortSVCHandler               
00000e85  vPortStartFirstTask           
00000ea1  vPortEnableVFP                
00000eb1  Timer0AIntHandler             
00000f79  xQueueGenericSendFromISR      
0000102d  xTaskPriorityDisinherit       
000010dd  vTaskSwitchContext            
00001185  Pinout_Init                   
00001229  __aeabi_memcpy                
00001229  __aeabi_memcpy4               
00001229  __aeabi_memcpy8               
00001229  memcpy                        
000012c5  xPortStartScheduler           
0000135d  xQueueGenericReset            
000013f1  vTaskPriorityInherit          
00001481  xTaskRemoveFromEventList      
00001509  app_task                      
0000158d  DRV_Uart_Init                 
0000160d  __aeabi_memclr                
0000160d  __aeabi_memclr4               
0000160d  __aeabi_memclr8               
0000160f  __aeabi_memset                
0000160f  __aeabi_memset4               
0000160f  __aeabi_memset8               
00001615  memset                        
00001687  __aeabi_idiv0                 
00001687  __aeabi_ldiv0                 
00001689  vTaskDelay                    
00001701  xTaskCheckForTimeOut          
0000185d  vTaskStartScheduler           
000018cd  GPIOJIntHandler               
00001939  IntEnable                     
000019a1  __TI_decompress_lzss          
00001a09  vTaskPlaceOnEventList         
00001a71  tasks_start                   
00001b37  xQueueGenericCreate           
00001b99  TimerConfigure                
00001bf9  main                          
00001cb9  vPortFree                     
00001d19  vPortValidateInterruptPriority
00001d75  GPIOIntTypeSet                
00001fad  UARTConfigSetExpClk           
00001ff5  UARTStdioConfig               
0000207d  __TI_auto_init_nobinit_nopinit
00002101  __aeabi_uidiv                 
00002101  __aeabi_uidivmod              
00002141  app_initialize                
0000217d  app_led_blink_task            
000021b9  system_initialization         
000021f5  vPortEnterCritical            
0000226d  SysCtlPeripheralPresent       
000022a5  SysCtlPeripheralReady         
000022dd  UARTwrite                     
00002315  vListInsert                   
0000234d  IntRegister                   
00002381  SysCtlPeripheralEnable        
000023b5  _c_int00_noargs               
00002419  GPIODirModeSet                
00002445  xPortSysTickHandler           
00002499  pxPortInitialiseStack         
000024c1  vPortExitCritical             
000024e9  vTaskSetTimeOutState          
00002539  IntPrioritySet                
0000255d  UARTDisable                   
0000259d  uxListRemove                  
000025bd  xTaskGetSchedulerState        
000025dd  Buttons_Enable                
000025f9  UARTprintf                    
0000262d  GPIOIntRegister               
00002645  TimerDisable                  
0000265d  TimerIntRegister              
00002675  pvTaskIncrementMutexHeldCount 
0000268d  tasks_configuration           
000026a5  vListInsertEnd                
000026bd  GPIOPinTypeGPIOInput          
000026d3  vListInitialise               
000026e9  Buttons_SetCallback           
000026fd  UARTEnable                    
00002711  vPortSetupTimerInterrupt      
00002725  TimerLoadSet                  
00002737  TimerPrescaleSet              
0000275b  vApplicationMallocFailedHook  
0000276b  vApplicationStackOverflowHook 
0000277d  vTaskSuspendAll               
0000278d  GPIOIntDisable                
0000279b  TimerEnable                   
000027a9  __TI_decompress_none          
000027b7  GPIOIntEnable                 
000027c3  __TI_zero_init                
000027d1  vTaskMissedYield              
000027dd  UARTCharPut                   
000027e7  TimerIntEnable                
000027f7  GPIOIntClear                  
000027fd  GPIOPinRead                   
00002803  ResetISR                      
00002809  vListInitialiseItem           
0000280f  TimerIntClear                 
00002813  _system_pre_init              
00002817  C$$EXIT                       
00002817  abort                         
00002d70  ulMaxSyscallInterruptPriority 
00002d8c  __TI_Handler_Table_Base       
00002d98  __TI_Handler_Table_Limit      
00002da8  __TI_CINIT_Base               
00002dc0  __TI_CINIT_Limit              
20000000  __start___llvm_prf_cnts       
20000000  __stop___llvm_prf_cnts        
20000000  g_pfnRAMVectors               
20005344  task_app                      
20005348  task_app_led_blink            
20005350  __stack                       
20005550  __STACK_END                   
20005550  __STACK_TOP                   
20005550  pxCurrentTCB                  
200055a4  ACTEventQueue                 
ffffffff  __TI_pprof_out_hndl           
ffffffff  __TI_prof_data_size           
ffffffff  __TI_prof_data_start          
ffffffff  __binit__                     
ffffffff  __c_args__                    
ffffffff  binit                         
UNDEFED   __mpu_init                    
UNDEFED   _system_post_cinit            

[137 symbols]
